Component: ARM Compiler 5.06 update 6 (build 750) Tool: armlink [4d35ed]

==============================================================================

Section Cross References

    board.o(i.IWDG_Init) refers to stm32f4xx_iwdg.o(i.IWDG_WriteAccessCmd) for IWDG_WriteAccessCmd
    board.o(i.IWDG_Init) refers to stm32f4xx_iwdg.o(i.IWDG_SetPrescaler) for IWDG_SetPrescaler
    board.o(i.IWDG_Init) refers to stm32f4xx_iwdg.o(i.IWDG_SetReload) for IWDG_SetReload
    board.o(i.IWDG_Init) refers to stm32f4xx_iwdg.o(i.IWDG_ReloadCounter) for IWDG_ReloadCounter
    board.o(i.IWDG_Init) refers to stm32f4xx_iwdg.o(i.IWDG_Enable) for IWDG_Enable
    board.o(i.NVIC_Configuration) refers to misc.o(i.NVIC_SetVectorTable) for NVIC_SetVectorTable
    board.o(i.NVIC_Configuration) refers to misc.o(i.NVIC_PriorityGroupConfig) for NVIC_PriorityGroupConfig
    board.o(i.SysTick_Configuration) refers to stm32f4xx_rcc.o(i.RCC_GetClocksFreq) for RCC_GetClocksFreq
    board.o(i.SysTick_Configuration) refers to misc.o(i.SysTick_CLKSourceConfig) for SysTick_CLKSourceConfig
    board.o(i.SysTick_Configuration) refers to board.o(.data) for _sysCoreClk
    board.o(i.SysTick_Handler) refers to irq.o(i.rt_interrupt_enter) for rt_interrupt_enter
    board.o(i.SysTick_Handler) refers to clock.o(i.rt_tick_increase) for rt_tick_increase
    board.o(i.SysTick_Handler) refers to irq.o(i.rt_interrupt_leave) for rt_interrupt_leave
    board.o(i.clockSour) refers to kservice.o(i.rt_kprintf) for rt_kprintf
    board.o(i.clockSour) refers to board.o(.data) for clockSouc
    board.o(i.rt_hw_board_init) refers to stm32f4xx_dbgmcu.o(i.DBGMCU_APB1PeriphConfig) for DBGMCU_APB1PeriphConfig
    board.o(i.rt_hw_board_init) refers to board.o(i.IWDG_Init) for IWDG_Init
    board.o(i.rt_hw_board_init) refers to board.o(i.NVIC_Configuration) for NVIC_Configuration
    board.o(i.rt_hw_board_init) refers to board.o(i.SysTick_Configuration) for SysTick_Configuration
    board.o(i.rt_hw_board_init) refers to usart.o(i.stm32_hw_usart_init) for stm32_hw_usart_init
    board.o(i.rt_hw_board_init) refers to kservice.o(i.rt_console_set_device) for rt_console_set_device
    board.o(i.rt_hw_board_init) refers to bsp_led.o(i.System_Led_Init) for System_Led_Init
    board.o(i.rt_hw_board_init) refers to bsp_gpio.o(i.stmPinsInit) for stmPinsInit
    board.o(i.rt_hw_board_init) refers to userapp.o(i.userApp_init) for userApp_init
    board.o(i.rt_hw_board_init) refers to kservice.o(i.rt_kprintf) for rt_kprintf
    board.o(i.rt_hw_board_init) refers to bsp_systimer.o(i.Bsp_systimer_Init) for Bsp_systimer_Init
    board.o(i.rt_hw_board_init) refers to cpuusage.o(i.cpu_usage_init) for cpu_usage_init
    board.o(i.rt_hw_board_init) refers to board.o(.data) for clockSouc
    board.o(i.rt_hw_board_init) refers to board.o(.conststring) for .conststring
    board.o(FSymTab) refers to board.o(.constdata) for __fsym_clockSour_name
    board.o(FSymTab) refers to board.o(i.clockSour) for clockSour
    bsp_led.o(i.Led_gpio_init) refers to kservice.o(i.rt_kprintf) for rt_kprintf
    bsp_led.o(i.Led_gpio_init) refers to stm32f4xx_rcc.o(i.RCC_AHB1PeriphClockCmd) for RCC_AHB1PeriphClockCmd
    bsp_led.o(i.Led_gpio_init) refers to stm32f4xx_gpio.o(i.GPIO_Init) for GPIO_Init
    bsp_led.o(i.Set_Led_Act) refers to stm32f4xx_gpio.o(i.GPIO_SetBits) for GPIO_SetBits
    bsp_led.o(i.Set_Led_Act) refers to stm32f4xx_gpio.o(i.GPIO_ResetBits) for GPIO_ResetBits
    bsp_led.o(i.Set_Led_Flt) refers to stm32f4xx_gpio.o(i.GPIO_SetBits) for GPIO_SetBits
    bsp_led.o(i.Set_Led_Flt) refers to stm32f4xx_gpio.o(i.GPIO_ResetBits) for GPIO_ResetBits
    bsp_led.o(i.System_Led_Init) refers to bsp_led.o(i.Led_gpio_init) for Led_gpio_init
    bsp_led.o(i.System_Led_Init) refers to bsp_led.o(i.Set_Led_Act) for Set_Led_Act
    bsp_led.o(i.System_Led_Init) refers to bsp_led.o(i.Set_Led_Flt) for Set_Led_Flt
    bsp_led.o(i.System_Led_Init) refers to bsp_led.o(i.System_Led_SetMode) for System_Led_SetMode
    bsp_led.o(i.System_Led_Logic) refers to bsp_led.o(i.Set_Led_Act) for Set_Led_Act
    bsp_led.o(i.System_Led_Logic) refers to bsp_led.o(i.Set_Led_Flt) for Set_Led_Flt
    bsp_led.o(i.System_Led_Logic) refers to bsp_led.o(.data) for p_led_act
    bsp_led.o(i.System_Led_SetMode) refers to bsp_led.o(.constdata) for _LED_ON
    bsp_led.o(i.System_Led_SetMode) refers to bsp_led.o(.data) for p_led_act
    bsp_led.o(i.can_Act_Led) refers to stm32f4xx_gpio.o(i.GPIO_ReadOutputDataBit) for GPIO_ReadOutputDataBit
    bsp_led.o(i.can_Act_Led) refers to stm32f4xx_gpio.o(i.GPIO_ResetBits) for GPIO_ResetBits
    bsp_led.o(i.can_Act_Led) refers to stm32f4xx_gpio.o(i.GPIO_SetBits) for GPIO_SetBits
    bsp_systask.o(i.Bsp_sysTask_Init) refers to ipc.o(i.rt_sem_init) for rt_sem_init
    bsp_systask.o(i.Bsp_sysTask_Init) refers to thread.o(i.rt_thread_init) for rt_thread_init
    bsp_systask.o(i.Bsp_sysTask_Init) refers to thread.o(i.rt_thread_startup) for rt_thread_startup
[...]
    rt_device_open                           0x0800af89   Thumb Code   136  device.o(i.rt_device_open)
    rt_device_read                           0x0800b07d   Thumb Code    74  device.o(i.rt_device_read)
    rt_device_register                       0x0800b0fd   Thumb Code    32  device.o(i.rt_device_register)
    rt_device_set_rx_indicate                0x0800b11d   Thumb Code    44  device.o(i.rt_device_set_rx_indicate)
    rt_device_write                          0x0800b17d   Thumb Code    74  device.o(i.rt_device_write)
    rt_enter_critical                        0x0800b1fd   Thumb Code    28  scheduler.o(i.rt_enter_critical)
    rt_event_init                            0x0800b21d   Thumb Code    64  ipc.o(i.rt_event_init)
    rt_event_recv                            0x0800b295   Thumb Code   336  ipc.o(i.rt_event_recv)
    rt_event_send                            0x0800b44d   Thumb Code   228  ipc.o(i.rt_event_send)
    rt_exit_critical                         0x0800b56d   Thumb Code    54  scheduler.o(i.rt_exit_critical)
    rt_free                                  0x0800b5a9   Thumb Code   334  mem.o(i.rt_free)
    rt_hw_board_init                         0x0800b7b9   Thumb Code   202  board.o(i.rt_hw_board_init)
    rt_hw_console_output                     0x0800ba79   Thumb Code     2  kservice.o(i.rt_hw_console_output)
    rt_hw_hard_fault_exception               0x0800ba7d   Thumb Code    88  cpuport.o(i.rt_hw_hard_fault_exception)
    rt_hw_serial_isr                         0x0800bb75   Thumb Code   244  serial.o(i.rt_hw_serial_isr)
    rt_hw_serial_register                    0x0800bcb5   Thumb Code   134  serial.o(i.rt_hw_serial_register)
    rt_hw_stack_init                         0x0800bd91   Thumb Code    66  cpuport.o(i.rt_hw_stack_init)
    rt_interrupt_enter                       0x0800bdd9   Thumb Code    30  irq.o(i.rt_interrupt_enter)
    rt_interrupt_get_nest                    0x0800bdfd   Thumb Code     6  irq.o(i.rt_interrupt_get_nest)
    rt_interrupt_leave                       0x0800be09   Thumb Code    30  irq.o(i.rt_interrupt_leave)
    rt_kprintf                               0x0800bec1   Thumb Code    60  kservice.o(i.rt_kprintf)
    rt_malloc                                0x0800bfc9   Thumb Code   608  mem.o(i.rt_malloc)
    rt_memcpy                                0x0800c2f5   Thumb Code   124  kservice.o(i.rt_memcpy)
    rt_memset                                0x0800c371   Thumb Code    72  kservice.o(i.rt_memset)
    rt_mp_alloc                              0x0800c3b9   Thumb Code   246  mempool.o(i.rt_mp_alloc)
    rt_mp_init                               0x0800c501   Thumb Code   148  mempool.o(i.rt_mp_init)
    rt_mq_init                               0x0800c5c9   Thumb Code   136  ipc.o(i.rt_mq_init)
    rt_mq_recv                               0x0800c685   Thumb Code   454  ipc.o(i.rt_mq_recv)
    rt_mq_send                               0x0800c8cd   Thumb Code   254  ipc.o(i.rt_mq_send)
    rt_object_allocate                       0x0800ca25   Thumb Code   150  object.o(i.rt_object_allocate)
    rt_object_delete                         0x0800cb11   Thumb Code   120  object.o(i.rt_object_delete)
    rt_object_detach                         0x0800cbf1   Thumb Code    74  object.o(i.rt_object_detach)
    rt_object_init                           0x0800cc79   Thumb Code    76  object.o(i.rt_object_init)
    rt_object_is_systemobject                0x0800cccd   Thumb Code    54  object.o(i.rt_object_is_systemobject)
    rt_schedule                              0x0800cd3d   Thumb Code   212  scheduler.o(i.rt_schedule)
    rt_schedule_insert_thread                0x0800ce31   Thumb Code   100  scheduler.o(i.rt_schedule_insert_thread)
    rt_schedule_remove_thread                0x0800ced5   Thumb Code   112  scheduler.o(i.rt_schedule_remove_thread)
    rt_sem_init                              0x0800cf85   Thumb Code    64  ipc.o(i.rt_sem_init)
    rt_sem_release                           0x0800cff9   Thumb Code    80  ipc.o(i.rt_sem_release)
    rt_sem_take                              0x0800d04d   Thumb Code   258  ipc.o(i.rt_sem_take)
    rt_set_errno                             0x0800d589   Thumb Code    36  kservice.o(i.rt_set_errno)
    rt_show_version                          0x0800d5b1   Thumb Code    38  kservice.o(i.rt_show_version)
    rt_strlen                                0x0800d661   Thumb Code    18  kservice.o(i.rt_strlen)
    rt_strncmp                               0x0800d673   Thumb Code    40  kservice.o(i.rt_strncmp)
    rt_strncpy                               0x0800d69b   Thumb Code    52  kservice.o(i.rt_strncpy)
    rt_system_heap_init                      0x0800d6d1   Thumb Code   224  mem.o(i.rt_system_heap_init)
    rt_system_object_init                    0x0800d855   Thumb Code     2  object.o(i.rt_system_object_init)
    rt_system_scheduler_init                 0x0800d859   Thumb Code    56  scheduler.o(i.rt_system_scheduler_init)
    rt_system_scheduler_start                0x0800d8a9   Thumb Code   114  scheduler.o(i.rt_system_scheduler_start)
    rt_system_tick_init                      0x0800d92d   Thumb Code     2  clock.o(i.rt_system_tick_init)
    rt_system_timer_init                     0x0800d92f   Thumb Code     2  timer.o(i.rt_system_timer_init)
    rt_system_timer_thread_init              0x0800d931   Thumb Code     2  timer.o(i.rt_system_timer_thread_init)
    rt_thread_create                         0x0800d933   Thumb Code    80  thread.o(i.rt_thread_create)
    rt_thread_delay                          0x0800d983   Thumb Code    12  thread.o(i.rt_thread_delay)
    rt_thread_idle_excute                    0x0800da05   Thumb Code   176  idle.o(i.rt_thread_idle_excute)
    rt_thread_idle_init                      0x0800db05   Thumb Code    38  idle.o(i.rt_thread_idle_init)
    rt_thread_idle_sethook                   0x0800db41   Thumb Code     6  idle.o(i.rt_thread_idle_sethook)
    rt_thread_init                           0x0800db4d   Thumb Code   110  thread.o(i.rt_thread_init)
    rt_thread_resume                         0x0800dc0d   Thumb Code   108  thread.o(i.rt_thread_resume)
    rt_thread_self                           0x0800dcb1   Thumb Code     6  thread.o(i.rt_thread_self)
    rt_thread_sleep                          0x0800dcbd   Thumb Code    96  thread.o(i.rt_thread_sleep)
    rt_thread_startup                        0x0800dd59   Thumb Code   116  thread.o(i.rt_thread_startup)
    rt_thread_suspend                        0x0800de25   Thumb Code    86  thread.o(i.rt_thread_suspend)
    rt_thread_timeout                        0x0800deb5   Thumb Code   102  thread.o(i.rt_thread_timeout)
    rt_thread_yield                          0x0800df79   Thumb Code    88  thread.o(i.rt_thread_yield)
    rt_tick_get                              0x0800dfd9   Thumb Code     6  clock.o(i.rt_tick_get)
    rt_tick_increase                         0x0800dfe5   Thumb Code    42  clock.o(i.rt_tick_increase)
    rt_timer_check                           0x0800e015   Thumb Code   158  timer.o(i.rt_timer_check)
    rt_timer_control                         0x0800e0bd   Thumb Code    94  timer.o(i.rt_timer_control)
    rt_timer_init                            0x0800e155   Thumb Code    76  timer.o(i.rt_timer_init)
    rt_timer_start                           0x0800e1d9   Thumb Code   200  timer.o(i.rt_timer_start)
    rtthread_startup                         0x0800e305   Thumb Code    62  startup.o(i.rtthread_startup)
    sem_10ms_Release                         0x0800e355   Thumb Code    16  bsp_systask.o(i.sem_10ms_Release)
    send_IoTaskSem                           0x0800e36d   Thumb Code    16  bsp_iotask.o(i.send_IoTaskSem)
    stm32_hw_usart_init                      0x0800e4c1   Thumb Code   126  usart.o(i.stm32_hw_usart_init)
    stmPinsInit                              0x0800e561   Thumb Code   144  bsp_gpio.o(i.stmPinsInit)
    strcmp                                   0x0800e617   Thumb Code    28  shell.o(i.strcmp)
    token_get_string                         0x0800e6a5   Thumb Code   120  finsh_token.o(i.token_get_string)
    userApp_init                             0x0800ed75   Thumb Code    12  userapp.o(i.userApp_init)
    version                                  0x0800ed81   Thumb Code    10  cmd.o(i.version)
    _get_lc_ctype                            0x0800f0b5   Thumb Code    44  lc_ctype_c.o(locale$$code)
    _fp_init                                 0x0800f0e1   Thumb Code    10  fpinit.o(x$fpl$fpinit)
    __fplib_config_fpu_vfp                   0x0800f0e9   Thumb Code     0  fpinit.o(x$fpl$fpinit)
    __fplib_config_pureend_doubles           0x0800f0e9   Thumb Code     0  fpinit.o(x$fpl$fpinit)
    __fsym_clockSour_name                    0x0800f0ea   Data          10  board.o(.constdata)
    __fsym_clockSour_desc                    0x0800f0f4   Data          18  board.o(.constdata)
    _LED_ON                                  0x0800f106   Data          40  bsp_led.o(.constdata)
    _LED_OFF                                 0x0800f12e   Data          40  bsp_led.o(.constdata)
    _LED_FLASH_SLOW                          0x0800f156   Data          40  bsp_led.o(.constdata)
    _LED_FLASH_FAST                          0x0800f17e   Data          40  bsp_led.o(.constdata)
    __fsym_cpu_name                          0x0800f1a6   Data           4  cpuusage.o(.constdata)
    __fsym_cpu_desc                          0x0800f1aa   Data          20  cpuusage.o(.constdata)
    __fsym_list_mem_name                     0x0800f7ba   Data           9  mem.o(.constdata)
    __fsym_list_mem_desc                     0x0800f7c3   Data          30  mem.o(.constdata)
    rt_lowest_bitmap                         0x0800f8c3   Data         256  scheduler.o(.constdata)
    __fsym_hello_name                        0x0800fb18   Data           6  cmd.o(.constdata)
    __fsym_hello_desc                        0x0800fb1e   Data          16  cmd.o(.constdata)
    __fsym_version_name                      0x0800fb2e   Data           8  cmd.o(.constdata)
    __fsym_version_desc                      0x0800fb36   Data          35  cmd.o(.constdata)
    __fsym_list_thread_name                  0x0800fb59   Data          12  cmd.o(.constdata)
    __fsym_list_thread_desc                  0x0800fb65   Data          12  cmd.o(.constdata)
    __fsym_list_sem_name                     0x0800fb71   Data           9  cmd.o(.constdata)
    __fsym_list_sem_desc                     0x0800fb7a   Data          25  cmd.o(.constdata)
    __fsym_list_event_name                   0x0800fb93   Data          11  cmd.o(.constdata)
    __fsym_list_event_desc                   0x0800fb9e   Data          21  cmd.o(.constdata)
    __fsym_list_mutex_name                   0x0800fbb3   Data          11  cmd.o(.constdata)
    __fsym_list_mutex_desc                   0x0800fbbe   Data          21  cmd.o(.constdata)
    __fsym_list_mailbox_name                 0x0800fbd3   Data          13  cmd.o(.constdata)
    __fsym_list_mailbox_desc                 0x0800fbe0   Data          24  cmd.o(.constdata)
    __fsym_list_msgqueue_name                0x0800fbf8   Data          14  cmd.o(.constdata)
    __fsym_list_msgqueue_desc                0x0800fc06   Data          29  cmd.o(.constdata)
    __fsym_list_mempool_name                 0x0800fc23   Data          13  cmd.o(.constdata)
    __fsym_list_mempool_desc                 0x0800fc30   Data          27  cmd.o(.constdata)
    __fsym_list_timer_name                   0x0800fc4b   Data          11  cmd.o(.constdata)
    __fsym_list_timer_desc                   0x0800fc56   Data          21  cmd.o(.constdata)
    __fsym_list_device_name                  0x0800fc6b   Data          12  cmd.o(.constdata)
    __fsym_list_device_desc                  0x0800fc77   Data          22  cmd.o(.constdata)
    __fsym_list_name                         0x0800fc8d   Data           5  cmd.o(.constdata)
    __fsym_list_desc                         0x0800fc92   Data          26  cmd.o(.constdata)
    __vsym_dummy_name                        0x0800fcac   Data           6  cmd.o(.constdata)
    __vsym_dummy_desc                        0x0800fcb2   Data          25  cmd.o(.constdata)
    op_table                                 0x0800fd08   Data         196  finsh_ops.o(.constdata)
    __fsym_Bsp_canTimer_Clear_name           0x0800fe59   Data          19  bsp_cantimer.o(.constdata)
    __fsym_Bsp_canTimer_Clear_desc           0x0800fe6c   Data          21  bsp_cantimer.o(.constdata)
    __fsym_can_show_name                     0x0800fe81   Data           9  bsp_canprint.o(.constdata)
    __fsym_can_show_desc                     0x0800fe8a   Data          21  bsp_canprint.o(.constdata)
    FSymTab$$Base                            0x08010280   Number         0  board.o(FSymTab)
    __fsym_clockSour                         0x08010280   Data          12  board.o(FSymTab)
    __fsym_cpu                               0x0801028c   Data          12  cpuusage.o(FSymTab)
    __fsym_list_mem                          0x08010298   Data          12  mem.o(FSymTab)
    __fsym_hello                             0x080102a4   Data          12  cmd.o(FSymTab)
    __fsym_version                           0x080102b0   Data          12  cmd.o(FSymTab)
    __fsym_list_thread                       0x080102bc   Data          12  cmd.o(FSymTab)
    __fsym_list_sem                          0x080102c8   Data          12  cmd.o(FSymTab)
    __fsym_list_event                        0x080102d4   Data          12  cmd.o(FSymTab)
    __fsym_list_mutex                        0x080102e0   Data          12  cmd.o(FSymTab)
    __fsym_list_mailbox                      0x080102ec   Data          12  cmd.o(FSymTab)
    __fsym_list_msgqueue                     0x080102f8   Data          12  cmd.o(FSymTab)
    __fsym_list_mempool                      0x08010304   Data          12  cmd.o(FSymTab)
    __fsym_list_timer                        0x08010310   Data          12  cmd.o(FSymTab)
    __fsym_list_device                       0x0801031c   Data          12  cmd.o(FSymTab)
    __fsym_list                              0x08010328   Data          12  cmd.o(FSymTab)
    __fsym_Bsp_canTimer_Clear                0x08010334   Data          12  bsp_cantimer.o(FSymTab)
    __fsym_can_show                          0x08010340   Data          12  bsp_canprint.o(FSymTab)
    FSymTab$$Limit                           0x0801034c   Number         0  bsp_canprint.o(FSymTab)
    Region$$Table$$Base                      0x0801034c   Number         0  anon$$obj.o(Region$$Table)
    Region$$Table$$Limit                     0x0801036c   Number         0  anon$$obj.o(Region$$Table)
    VSymTab$$Base                            0x0801036c   Number         0  cmd.o(VSymTab)
    __vsym_dummy                             0x0801036c   Data          16  cmd.o(VSymTab)
    VSymTab$$Limit                           0x0801037c   Number         0  cmd.o(VSymTab)
    __ctype                                  0x08010389   Data           0  lc_ctype_c.o(locale$$data)
    p_led_act                                0x20000008   Data           4  bsp_led.o(.data)
    p_led_flt                                0x2000000c   Data           4  bsp_led.o(.data)
    ch                                       0x20000024   Data           1  stm32f4xx_it.o(.data)
    is_reconnected                           0x20000028   Data           1  usart.o(.data)
    uart1                                    0x2000002c   Data          12  usart.o(.data)
    function_switch                          0x20000038   Data           1  usart.o(.data)
    rx_length                                0x2000003c   Data           4  usart.o(.data)
    rt_interrupt_nest                        0x20000058   Data           1  irq.o(.data)
    rt_object_container                      0x2000008c   Data         144  object.o(.data)
    rt_object_trytake_hook                   0x20000124   Data           4  object.o(.data)
    rt_object_take_hook                      0x20000128   Data           4  object.o(.data)
    rt_object_put_hook                       0x2000012c   Data           4  object.o(.data)
    rt_current_thread                        0x20000134   Data           4  scheduler.o(.data)
    rt_current_priority                      0x20000138   Data           1  scheduler.o(.data)
    rt_thread_ready_priority_group           0x2000013c   Data           4  scheduler.o(.data)
    rt_thread_defunct                        0x20000140   Data           8  scheduler.o(.data)
    rt_interrupt_from_thread                 0x20000158   Data           4  cpuport.o(.data)
    rt_interrupt_to_thread                   0x2000015c   Data           4  cpuport.o(.data)
    rt_thread_switch_interrupt_flag          0x20000160   Data           4  cpuport.o(.data)
    finsh_compile_sp                         0x20000168   Data           4  finsh_compiler.o(.data)
    finsh_compile_pc                         0x2000016c   Data           4  finsh_compiler.o(.data)
    global_errno                             0x20000170   Data           1  finsh_error.o(.data)
    global_sysvar_list                       0x200001b8   Data           4  finsh_var.o(.data)
    finsh_sp                                 0x200001bc   Data           4  finsh_vm.o(.data)
    finsh_pc                                 0x200001c0   Data           4  finsh_vm.o(.data)
    global_syscall_list                      0x200001c4   Data           4  finsh_vm.o(.data)
    shell                                    0x200001c8   Data           4  shell.o(.data)
    _syscall_table_begin                     0x200001cc   Data           4  symbol.o(.data)
    _syscall_table_end                       0x200001d0   Data           4  symbol.o(.data)
    _sysvar_table_begin                      0x200001d4   Data           4  symbol.o(.data)
    _sysvar_table_end                        0x200001d8   Data           4  symbol.o(.data)
    uart1_int_rx                             0x200006b8   Data          72  usart.o(.bss)
    uart1_dma_tx                             0x20000700   Data         156  usart.o(.bss)
    uart1_device                             0x2000079c   Data          72  usart.o(.bss)
    txBuffer                                 0x200007e4   Data         256  usart.o(.bss)
    serial1_rx_buffer                        0x200008e4   Data         512  usart.o(.bss)
    sem_serial_rx                            0x20000ae4   Data          40  usart.o(.bss)
    DMA_InitStructure                        0x20000b0c   Data          60  usart.o(.bss)
    ds                                       0x20000b48   Data         172  userapp.o(.bss)
    rt_thread_priority_table                 0x20001138   Data         256  scheduler.o(.bss)
    finsh_heap                               0x20001240   Data         128  finsh_heap.o(.bss)
    global_node_table                        0x200012c0   Data         320  finsh_node.o(.bss)
    global_variable                          0x20001400   Data         192  finsh_var.o(.bss)
    finsh_vm_stack                           0x200014c0   Data         256  finsh_vm.o(.bss)
    text_segment                             0x200015c0   Data         128  finsh_vm.o(.bss)
    __libspace_start                         0x200049d0   Data          96  libspace.o(.bss)
    __temporary_stack_top$libspace           0x20004a30   Data           0  libspace.o(.bss)
    Image$$RW_IRAM1$$ZI$$Limit               0x20005230   Number         0  anon$$obj.o ABSOLUTE



==============================================================================

Memory Map of the image

  Image Entry point : 0x08000189

  Load Region LR_IROM1 (Base: 0x08000000, Size: 0x00010688, Max: 0x00100000, ABSOLUTE, COMPRESSED[0x00010538])

    Execution Region ER_IROM1 (Exec base: 0x08000000, Load base: 0x08000000, Size: 0x0001048c, Max: 0x00100000, ABSOLUTE)

    Exec Addr    Load Addr    Size         Type   Attr      Idx    E Section Name        Object

    0x08000000   0x08000000   0x00000188   Data   RO         4906    RESET               startup_stm32f4xx.o
    0x08000188   0x08000188   0x00000008   Code   RO         7798  * !!!main             c_w.l(__main.o)
    0x08000190   0x08000190   0x00000034   Code   RO         7976    !!!scatter          c_w.l(__scatter.o)
    0x080001c4   0x080001c4   0x0000005a   Code   RO         7974    !!dczerorl2         c_w.l(__dczerorl2.o)
    0x0800021e   0x0800021e   0x00000002   PAD
    0x08000220   0x08000220   0x0000001c   Code   RO         7978    !!handler_zi        c_w.l(__scatter_zi.o)
    0x0800023c   0x0800023c   0x00000002   Code   RO         7894    .ARM.Collect$$libinit$$00000000  c_w.l(libinit.o)
    0x0800023e   0x0800023e   0x00000004   Code   RO         7836    .ARM.Collect$$libinit$$00000001  c_w.l(libinit2.o)
    0x08000242   0x08000242   0x00000000   Code   RO         7839    .ARM.Collect$$libinit$$00000004  c_w.l(libinit2.o)
    0x08000242   0x08000242   0x00000000   Code   RO         7842    .ARM.Collect$$libinit$$0000000A  c_w.l(libinit2.o)
    0x08000242   0x08000242   0x00000000   Code   RO         7844    .ARM.Collect$$libinit$$0000000C  c_w.l(libinit2.o)
    0x08000242   0x08000242   0x00000000   Code   RO         7846    .ARM.Collect$$libinit$$0000000E  c_w.l(libinit2.o)
    0x08000242   0x08000242   0x00000006   Code   RO         7847    .ARM.Collect$$libinit$$0000000F  c_w.l(libinit2.o)
    0x08000248   0x08000248   0x00000000   Code   RO         7849    .ARM.Collect$$libinit$$00000011  c_w.l(libinit2.o)
    0x08000248   0x08000248   0x0000000c   Code   RO         7850    .ARM.Collect$$libinit$$00000012  c_w.l(libinit2.o)
    0x08000254   0x08000254   0x00000000   Code   RO         7851    .ARM.Collect$$libinit$$00000013  c_w.l(libinit2.o)
    0x08000254   0x08000254   0x00000000   Code   RO         7853    .ARM.Collect$$libinit$$00000015  c_w.l(libinit2.o)
    0x08000254   0x08000254   0x00000000   Code   RO         7855    .ARM.Collect$$libinit$$00000017  c_w.l(libinit2.o)
    0x08000254   0x08000254   0x00000000   Code   RO         7857    .ARM.Collect$$libinit$$00000019  c_w.l(libinit2.o)
    0x08000254   0x08000254   0x00000000   Code   RO         7859    .ARM.Collect$$libinit$$0000001B  c_w.l(libinit2.o)
    0x08000254   0x08000254   0x00000000   Code   RO         7861    .ARM.Collect$$libinit$$0000001D  c_w.l(libinit2.o)
    0x08000254   0x08000254   0x00000000   Code   RO         7863    .ARM.Collect$$libinit$$0000001F  c_w.l(libinit2.o)
    0x08000254   0x08000254   0x00000000   Code   RO         7865    .ARM.Collect$$libinit$$00000021  c_w.l(libinit2.o)
    0x08000254   0x08000254   0x00000000   Code   RO         7867    .ARM.Collect$$libinit$$00000023  c_w.l(libinit2.o)
    0x08000254   0x08000254   0x00000000   Code   RO         7869    .ARM.Collect$$libinit$$00000025  c_w.l(libinit2.o)
    0x08000254   0x08000254   0x00000000   Code   RO         7873    .ARM.Collect$$libinit$$0000002C  c_w.l(libinit2.o)
    0x08000254   0x08000254   0x00000000   Code   RO         7875    .ARM.Collect$$libinit$$0000002E  c_w.l(libinit2.o)
    0x08000254   0x08000254   0x00000000   Code   RO         7877    .ARM.Collect$$libinit$$00000030  c_w.l(libinit2.o)
    0x08000254   0x08000254   0x00000000   Code   RO         7879    .ARM.Collect$$libinit$$00000032  c_w.l(libinit2.o)
    0x08000254   0x08000254   0x00000002   Code   RO         7880    .ARM.Collect$$libinit$$00000033  c_w.l(libinit2.o)
    0x08000256   0x08000256   0x00000002   Code   RO         7931    .ARM.Collect$$libshutdown$$00000000  c_w.l(libshutdown.o)
    0x08000258   0x08000258   0x00000000   Code   RO         7937    .ARM.Collect$$libshutdown$$00000002  c_w.l(libshutdown2.o)
    0x08000258   0x08000258   0x00000000   Code   RO         7939    .ARM.Collect$$libshutdown$$00000004  c_w.l(libshutdown2.o)
    0x08000258   0x08000258   0x00000000   Code   RO         7942    .ARM.Collect$$libshutdown$$00000007  c_w.l(libshutdown2.o)
    0x08000258   0x08000258   0x00000000   Code   RO         7945    .ARM.Collect$$libshutdown$$0000000A  c_w.l(libshutdown2.o)
    0x08000258   0x08000258   0x00000000   Code   RO         7947    .ARM.Collect$$libshutdown$$0000000C  c_w.l(libshutdown2.o)
    0x08000258   0x08000258   0x00000000   Code   RO         7950    .ARM.Collect$$libshutdown$$0000000F  c_w.l(libshutdown2.o)
    0x08000258   0x08000258   0x00000002   Code   RO         7951    .ARM.Collect$$libshutdown$$00000010  c_w.l(libshutdown2.o)
    0x0800025a   0x0800025a   0x00000000   Code   RO         7800    .ARM.Collect$$rtentry$$00000000  c_w.l(__rtentry.o)
    0x0800025a   0x0800025a   0x00000000   Code   RO         7820    .ARM.Collect$$rtentry$$00000002  c_w.l(__rtentry2.o)
    0x0800025a   0x0800025a   0x00000006   Code   RO         7832    .ARM.Collect$$rtentry$$00000004  c_w.l(__rtentry4.o)
    0x08000260   0x08000260   0x00000000   Code   RO         7822    .ARM.Collect$$rtentry$$00000009  c_w.l(__rtentry2.o)
    0x08000260   0x08000260   0x00000004   Code   RO         7823    .ARM.Collect$$rtentry$$0000000A  c_w.l(__rtentry2.o)
    0x08000264   0x08000264   0x00000000   Code   RO         7825    .ARM.Collect$$rtentry$$0000000C  c_w.l(__rtentry2.o)
    0x08000264   0x08000264   0x00000008   Code   RO         7826    .ARM.Collect$$rtentry$$0000000D  c_w.l(__rtentry2.o)
    0x0800026c   0x0800026c   0x00000002   Code   RO         7897    .ARM.Collect$$rtexit$$00000000  c_w.l(rtexit.o)
    0x0800026e   0x0800026e   0x00000000   Code   RO         7906    .ARM.Collect$$rtexit$$00000002  c_w.l(rtexit2.o)
    0x0800026e   0x0800026e   0x00000004   Code   RO         7907    .ARM.Collect$$rtexit$$00000003  c_w.l(rtexit2.o)
    0x08000272   0x08000272   0x00000006   Code   RO         7908    .ARM.Collect$$rtexit$$00000004  c_w.l(rtexit2.o)
    0x08000278   0x08000278   0x00000040   Code   RO         4907    .text               startup_stm32f4xx.o
    0x080002b8   0x080002b8   0x000000cc   Code   RO         6089    .text               context_rvds.o
    0x08000384   0x08000384   0x00000010   Code   RO         7778    .text               c_w.l(rt_ctype_table.o)
    0x08000394   0x08000394   0x0000001a   Code   RO         7780    .text               c_w.l(atoi.o)
    0x080003ae   0x080003ae   0x0000003e   Code   RO         7782    .text               c_w.l(strlen.o)
    0x080003ec   0x080003ec   0x00000096   Code   RO         7784    .text               c_w.l(strncmp.o)
    0x08000482   0x08000482   0x0000008a   Code   RO         7786    .text               c_w.l(rt_memcpy_v6.o)
    0x0800050c   0x0800050c   0x00000064   Code   RO         7788    .text               c_w.l(rt_memcpy_w.o)
    0x08000570   0x08000570   0x00000044   Code   RO         7790    .text               c_w.l(rt_memclr.o)
    0x080005b4   0x080005b4   0x0000004e   Code   RO         7792    .text               c_w.l(rt_memclr_w.o)
    0x08000602   0x08000602   0x00000056   Code   RO         7794    .text               c_w.l(strncpy.o)
    0x08000658   0x08000658   0x00000006   Code   RO         7796    .text               c_w.l(heapauxi.o)
    0x0800065e   0x0800065e   0x00000002   PAD
    0x08000660   0x08000660   0x00000008   Code   RO         7804    .text               c_w.l(rt_locale_intlibspace.o)
    0x08000668   0x08000668   0x00000008   Code   RO         7809    .text               c_w.l(rt_errno_addr_intlibspace.o)
    0x08000670   0x08000670   0x00000070   Code   RO         7811    .text               c_w.l(strtol.o)
    0x080006e0   0x080006e0   0x00000008   Code   RO         7816    .text               c_w.l(libspace.o)
    0x080006e8   0x080006e8   0x0000009e   Code   RO         7834    .text               c_w.l(_strtoul.o)
    0x08000786   0x08000786   0x0000004a   Code   RO         7881    .text               c_w.l(sys_stackheap_outer.o)
    0x080007d0   0x080007d0   0x0000001c   Code   RO         7883    .text               c_w.l(_chval.o)
    0x080007ec   0x080007ec   0x00000012   Code   RO         7885    .text               c_w.l(exit.o)
    0x080007fe   0x080007fe   0x00000002   PAD
    0x08000800   0x08000800   0x0000000c   Code   RO         7918    .text               c_w.l(sys_exit.o)
    0x0800080c   0x0800080c   0x00000002   Code   RO         7920    .text               c_w.l(use_no_semi.o)
    0x0800080e   0x0800080e   0x00000000   Code   RO         7922    .text               c_w.l(indicate_semi.o)
    0x0800080e   0x0800080e   0x00000002   PAD
    0x08000810   0x08000810   0x00000030   Code   RO         7259    i.Bsp_canHW_Init    bsp_can.o
    0x08000840   0x08000840   0x00000064   Code   RO         7422    i.Bsp_canTask_Init  bsp_cantask.o
    0x080008a4   0x080008a4   0x0000000c   Code   RO         7298    i.Bsp_canTimer_Clear  bsp_cantimer.o
    0x080008b0   0x080008b0   0x00000010   Code   RO         7299    i.Bsp_canTimer_Init  bsp_cantimer.o
    0x080008c0   0x080008c0   0x00000074   Code   RO         7342    i.Bsp_can_rx_Task_Init  bsp_can_rx_task.o
    0x08000934   0x08000934   0x00000074   Code   RO         7387    i.Bsp_can_tx_Task_Init  bsp_can_tx_task.o
    0x080009a8   0x080009a8   0x000000c4   Code   RO         7643    i.Bsp_ioPwm_init    bsp_iopwm.o
    0x08000a6c   0x08000a6c   0x00000088   Code   RO         7702    i.Bsp_ioTask_Init   bsp_iotask.o
    0x08000af4   0x08000af4   0x00000010   Code   RO         7663    i.Bsp_ioTimer_Init  bsp_iotimer.o
    0x08000b04   0x08000b04   0x00000064   Code   RO          273    i.Bsp_sysTask_Init  bsp_systask.o
    0x08000b68   0x08000b68   0x00000010   Code   RO          320    i.Bsp_systimer_Init  bsp_systimer.o
    0x08000b78   0x08000b78   0x00000004   Code   RO          519    i.BusFault_Handler  stm32f4xx_it.o
    0x08000b7c   0x08000b7c   0x00000048   Code   RO         7343    i.CAN1_RX0_IRQ      bsp_can_rx_task.o
    0x08000bc4   0x08000bc4   0x00000010   Code   RO          520    i.CAN1_RX0_IRQHandler  stm32f4xx_it.o
    0x08000bd4   0x08000bd4   0x00000048   Code   RO         7344    i.CAN2_RX0_IRQ      bsp_can_rx_task.o
    0x08000c1c   0x08000c1c   0x00000010   Code   RO          521    i.CAN2_RX0_IRQHandler  stm32f4xx_it.o
    0x08000c2c   0x08000c2c   0x00000080   Code   RO         1203    i.CAN_DeInit        stm32f4xx_can.o
    0x08000cac   0x08000cac   0x000001a4   Code   RO         1205    i.CAN_FilterInit    stm32f4xx_can.o
    0x08000e50   0x08000e50   0x00000160   Code   RO         1206    i.CAN_GetFlagStatus  stm32f4xx_can.o
    0x08000fb0   0x08000fb0   0x000001c4   Code   RO         1207    i.CAN_GetITStatus   stm32f4xx_can.o
    0x08001174   0x08001174   0x000000d0   Code   RO         1211    i.CAN_ITConfig      stm32f4xx_can.o
    0x08001244   0x08001244   0x0000025c   Code   RO         1212    i.CAN_Init          stm32f4xx_can.o
    0x080014a0   0x080014a0   0x00000158   Code   RO         1215    i.CAN_Receive       stm32f4xx_can.o
    0x080015f8   0x080015f8   0x00000020   Code   RO         1218    i.CAN_StructInit    stm32f4xx_can.o
    0x08001618   0x08001618   0x000001e8   Code   RO         1220    i.CAN_Transmit      stm32f4xx_can.o
    0x08001800   0x08001800   0x00000020   Code   RO         7388    i.CANx_Send         bsp_can_tx_task.o
    0x08001820   0x08001820   0x00000054   Code   RO         7389    i.CanHW_tx          bsp_can_tx_task.o
    0x08001874   0x08001874   0x00000030   Code   RO         7573    i.CanNode_Clear     can_fault_detect.o
    0x080018a4   0x080018a4   0x00000030   Code   RO         7574    i.CanNode_Update    can_fault_detect.o
    0x080018d4   0x080018d4   0x00000088   Code   RO         7260    i.Can_Configuration  bsp_can.o
    0x0800195c   0x0800195c   0x00000044   Code   RO         7458    i.Can_Cycle_Service  bsp_canapp.o
    0x080019a0   0x080019a0   0x00000008   Code   RO         7459    i.Can_Event_Service  bsp_canapp.o
    0x080019a8   0x080019a8   0x00000056   Code   RO         7261    i.Can_Filter_Configuration  bsp_can.o
    0x080019fe   0x080019fe   0x00000002   PAD
    0x08001a00   0x08001a00   0x000000a4   Code   RO         7262    i.Can_GPIO_Configuration  bsp_can.o
    0x08001aa4   0x08001aa4   0x00000044   Code   RO         7263    i.Can_NVIC_Configuration  bsp_can.o
    0x08001ae8   0x08001ae8   0x000000a8   Code   RO         7540    i.Can_RX_Print      bsp_canprint.o
    0x08001b90   0x08001b90   0x0000001c   Code   RO         7423    i.Can_Send_Cycle    bsp_cantask.o
    0x08001bac   0x08001bac   0x0000001c   Code   RO         7424    i.Can_Send_Event    bsp_cantask.o
    0x08001bc8   0x08001bc8   0x00000074   Code   RO         7460    i.Can_Send_Input    bsp_canapp.o
    0x08001c3c   0x08001c3c   0x0000008c   Code   RO         7461    i.Can_Send_PwrOn    bsp_canapp.o
    0x08001cc8   0x08001cc8   0x00000070   Code   RO         7462    i.Can_Send_Sts      bsp_canapp.o
    0x08001d38   0x08001d38   0x000000a8   Code   RO         7541    i.Can_TX_Print      bsp_canprint.o
    0x08001de0   0x08001de0   0x00000012   Code   RO         1223    i.CheckITStatus     stm32f4xx_can.o
    0x08001df2   0x08001df2   0x00000002   PAD
    0x08001df4   0x08001df4   0x00000080   Code   RO         1709    i.DBGMCU_APB1PeriphConfig  stm32f4xx_dbgmcu.o
    0x08001e74   0x08001e74   0x00000002   Code   RO          522    i.DMA1_Stream3_IRQHandler  stm32f4xx_it.o
    0x08001e76   0x08001e76   0x00000002   Code   RO          523    i.DMA1_Stream6_IRQHandler  stm32f4xx_it.o
    0x08001e78   0x08001e78   0x000000f0   Code   RO         1854    i.DMA_Cmd           stm32f4xx_dma.o
    0x08001f68   0x08001f68   0x00000084   Code   RO          661    i.DMA_Configuration  usart.o
    0x08001fec   0x08001fec   0x00000214   Code   RO         1855    i.DMA_DeInit        stm32f4xx_dma.o
    0x08002200   0x08002200   0x000002d0   Code   RO         1866    i.DMA_Init          stm32f4xx_dma.o
    0x080024d0   0x080024d0   0x000000dc   Code   RO          799    i.DS_BitBand_Init   userapp.o
    0x080025ac   0x080025ac   0x00000002   Code   RO          524    i.DebugMon_Handler  stm32f4xx_it.o
    0x080025ae   0x080025ae   0x00000002   Code   RO          525    i.EXTI3_IRQHandler  stm32f4xx_it.o
    0x080025b0   0x080025b0   0x00000002   Code   RO          526    i.EXTI9_5_IRQHandler  stm32f4xx_it.o
    0x080025b2   0x080025b2   0x00000002   PAD
    0x080025b4   0x080025b4   0x0000006c   Code   RO         2062    i.FLASH_PrefetchBufferCmd  stm32f4xx_flash.o
    0x08002620   0x08002620   0x00000044   Code   RO          662    i.GPIO_Configuration  usart.o
    0x08002664   0x08002664   0x000001ac   Code   RO         2361    i.GPIO_Init         stm32f4xx_gpio.o
    0x08002810   0x08002810   0x000001a8   Code   RO         2362    i.GPIO_PinAFConfig  stm32f4xx_gpio.o
    0x080029b8   0x080029b8   0x0000010c   Code   RO         2365    i.GPIO_ReadInputDataBit  stm32f4xx_gpio.o
    0x08002ac4   0x08002ac4   0x0000010c   Code   RO         2367    i.GPIO_ReadOutputDataBit  stm32f4xx_gpio.o
    0x08002bd0   0x08002bd0   0x000000b4   Code   RO         2368    i.GPIO_ResetBits    stm32f4xx_gpio.o
    0x08002c84   0x08002c84   0x000000b4   Code   RO         2369    i.GPIO_SetBits      stm32f4xx_gpio.o
    0x08002d38   0x08002d38   0x00000020   Code   RO          747    i.GetPin            bsp_gpio.o
    0x08002d58   0x08002d58   0x00000108   Code   RO          800    i.GetSlotID         userapp.o
    0x08002e60   0x08002e60   0x00000044   Code   RO         7575    i.Get_CanSts        can_fault_detect.o
    0x08002ea4   0x08002ea4   0x0000001c   Code   RO         7603    i.HW_output         bsp_io.o
    0x08002ec0   0x08002ec0   0x00000028   Code   RO          777    i.HwWDog_Feed       hwwdog_max706.o
    0x08002ee8   0x08002ee8   0x00000068   Code   RO          778    i.HwWDog_Init       hwwdog_max706.o
    0x08002f50   0x08002f50   0x00000010   Code   RO         2827    i.IWDG_Enable       stm32f4xx_iwdg.o
    0x08002f60   0x08002f60   0x00000034   Code   RO            2    i.IWDG_Init         board.o
    0x08002f94   0x08002f94   0x00000010   Code   RO         2829    i.IWDG_ReloadCounter  stm32f4xx_iwdg.o
    0x08002fa4   0x08002fa4   0x00000064   Code   RO         2830    i.IWDG_SetPrescaler  stm32f4xx_iwdg.o
    0x08003008   0x08003008   0x00000050   Code   RO         2831    i.IWDG_SetReload    stm32f4xx_iwdg.o
    0x08003058   0x08003058   0x00000054   Code   RO         2832    i.IWDG_WriteAccessCmd  stm32f4xx_iwdg.o
    0x080030ac   0x080030ac   0x00000068   Code   RO          215    i.Led_gpio_init     bsp_led.o
    0x08003114   0x08003114   0x00000004   Code   RO          527    i.MemManage_Handler  stm32f4xx_it.o
    0x08003118   0x08003118   0x00000002   Code   RO          528    i.NMI_Handler       stm32f4xx_it.o
    0x0800311a   0x0800311a   0x00000016   Code   RO            3    i.NVIC_Configuration  board.o
    0x08003130   0x08003130   0x00000022   Code   RO          321    i.NVIC_Configuration  bsp_systimer.o
    0x08003152   0x08003152   0x00000040   Code   RO          663    i.NVIC_Configuration  usart.o
    0x08003192   0x08003192   0x00000022   Code   RO         7300    i.NVIC_Configuration  bsp_cantimer.o
    0x080031b4   0x080031b4   0x000000d8   Code   RO          837    i.NVIC_Init         misc.o
    0x0800328c   0x0800328c   0x00000068   Code   RO          838    i.NVIC_PriorityGroupConfig  misc.o
    0x080032f4   0x080032f4   0x00000070   Code   RO          839    i.NVIC_SetVectorTable  misc.o
    0x08003364   0x08003364   0x00000030   Code   RO         6555    i.OP_add_byte       finsh_ops.o
    0x08003394   0x08003394   0x00000030   Code   RO         6556    i.OP_add_dword      finsh_ops.o
    0x080033c4   0x080033c4   0x00000030   Code   RO         6557    i.OP_add_word       finsh_ops.o
    0x080033f4   0x080033f4   0x00000030   Code   RO         6558    i.OP_and_byte       finsh_ops.o
    0x08003424   0x08003424   0x00000030   Code   RO         6559    i.OP_and_dword      finsh_ops.o
    0x08003454   0x08003454   0x00000030   Code   RO         6560    i.OP_and_word       finsh_ops.o
    0x08003484   0x08003484   0x00000018   Code   RO         6561    i.OP_bw_byte        finsh_ops.o
    0x0800349c   0x0800349c   0x00000018   Code   RO         6562    i.OP_bw_dword       finsh_ops.o
    0x080034b4   0x080034b4   0x00000018   Code   RO         6563    i.OP_bw_word        finsh_ops.o
    0x080034cc   0x080034cc   0x0000038c   Code   RO         6564    i.OP_call           finsh_ops.o
    0x08003858   0x08003858   0x00000030   Code   RO         6565    i.OP_div_byte       finsh_ops.o
    0x08003888   0x08003888   0x00000030   Code   RO         6566    i.OP_div_dword      finsh_ops.o
    0x080038b8   0x080038b8   0x00000034   Code   RO         6567    i.OP_div_word       finsh_ops.o
    0x080038ec   0x080038ec   0x0000002c   Code   RO         6568    i.OP_ld_byte        finsh_ops.o
    0x08003918   0x08003918   0x00000048   Code   RO         6569    i.OP_ld_dword       finsh_ops.o
    0x08003960   0x08003960   0x0000004c   Code   RO         6570    i.OP_ld_value_byte  finsh_ops.o
    0x080039ac   0x080039ac   0x00000018   Code   RO         6571    i.OP_ld_value_byte_stack  finsh_ops.o
    0x080039c4   0x080039c4   0x0000004c   Code   RO         6572    i.OP_ld_value_dword  finsh_ops.o
    0x08003a10   0x08003a10   0x00000018   Code   RO         6573    i.OP_ld_value_dword_stack  finsh_ops.o
    0x08003a28   0x08003a28   0x0000004c   Code   RO         6574    i.OP_ld_value_word  finsh_ops.o
    0x08003a74   0x08003a74   0x00000018   Code   RO         6575    i.OP_ld_value_word_stack  finsh_ops.o
    0x08003a8c   0x08003a8c   0x00000038   Code   RO         6576    i.OP_ld_word        finsh_ops.o
    0x08003ac4   0x08003ac4   0x00000034   Code   RO         6577    i.OP_mod_byte       finsh_ops.o
    0x08003af8   0x08003af8   0x00000034   Code   RO         6578    i.OP_mod_dword      finsh_ops.o
    0x08003b2c   0x08003b2c   0x00000034   Code   RO         6579    i.OP_mod_word       finsh_ops.o
    0x08003b60   0x08003b60   0x00000030   Code   RO         6580    i.OP_mul_byte       finsh_ops.o
    0x08003b90   0x08003b90   0x00000030   Code   RO         6581    i.OP_mul_dword      finsh_ops.o
    0x08003bc0   0x08003bc0   0x00000034   Code   RO         6582    i.OP_mul_word       finsh_ops.o
    0x08003bf4   0x08003bf4   0x00000002   Code   RO         6583    i.OP_no_op          finsh_ops.o
    0x08003bf6   0x08003bf6   0x00000002   PAD
    0x08003bf8   0x08003bf8   0x00000030   Code   RO         6584    i.OP_or_byte        finsh_ops.o
    0x08003c28   0x08003c28   0x00000030   Code   RO         6585    i.OP_or_dword       finsh_ops.o
    0x08003c58   0x08003c58   0x00000030   Code   RO         6586    i.OP_or_word        finsh_ops.o
    0x08003c88   0x08003c88   0x00000010   Code   RO         6587    i.OP_pop            finsh_ops.o
    0x08003c98   0x08003c98   0x00000030   Code   RO         6588    i.OP_shl_byte       finsh_ops.o
    0x08003cc8   0x08003cc8   0x00000030   Code   RO         6589    i.OP_shl_dword      finsh_ops.o
    0x08003cf8   0x08003cf8   0x00000030   Code   RO         6590    i.OP_shl_word       finsh_ops.o
    0x08003d28   0x08003d28   0x00000030   Code   RO         6591    i.OP_shr_byte       finsh_ops.o
    0x08003d58   0x08003d58   0x00000030   Code   RO         6592    i.OP_shr_dword      finsh_ops.o
    0x08003d88   0x08003d88   0x00000030   Code   RO         6593    i.OP_shr_word       finsh_ops.o
    0x08003db8   0x08003db8   0x00000024   Code   RO         6594    i.OP_st_byte        finsh_ops.o
    0x08003ddc   0x08003ddc   0x00000024   Code   RO         6595    i.OP_st_dword       finsh_ops.o
    0x08003e00   0x08003e00   0x00000024   Code   RO         6596    i.OP_st_word        finsh_ops.o
    0x08003e24   0x08003e24   0x00000030   Code   RO         6597    i.OP_sub_byte       finsh_ops.o
    0x08003e54   0x08003e54   0x00000030   Code   RO         6598    i.OP_sub_dword      finsh_ops.o
    0x08003e84   0x08003e84   0x00000030   Code   RO         6599    i.OP_sub_word       finsh_ops.o
    0x08003eb4   0x08003eb4   0x00000030   Code   RO         6600    i.OP_xor_byte       finsh_ops.o
    0x08003ee4   0x08003ee4   0x00000030   Code   RO         6601    i.OP_xor_dword      finsh_ops.o
    0x08003f14   0x08003f14   0x00000030   Code   RO         6602    i.OP_xor_word       finsh_ops.o
    0x08003f44   0x08003f44   0x00000080   Code   RO         2955    i.RCC_AHB1PeriphClockCmd  stm32f4xx_rcc.o
    0x08003fc4   0x08003fc4   0x00000080   Code   RO         2964    i.RCC_APB1PeriphClockCmd  stm32f4xx_rcc.o
    0x08004044   0x08004044   0x00000080   Code   RO         2966    i.RCC_APB1PeriphResetCmd  stm32f4xx_rcc.o
    0x080040c4   0x080040c4   0x00000080   Code   RO         2967    i.RCC_APB2PeriphClockCmd  stm32f4xx_rcc.o
    0x08004144   0x08004144   0x00000080   Code   RO         2969    i.RCC_APB2PeriphResetCmd  stm32f4xx_rcc.o
    0x080041c4   0x080041c4   0x0000000c   Code   RO          322    i.RCC_Configuration  bsp_systimer.o
    0x080041d0   0x080041d0   0x00000024   Code   RO          664    i.RCC_Configuration  usart.o
    0x080041f4   0x080041f4   0x0000000c   Code   RO         7301    i.RCC_Configuration  bsp_cantimer.o
    0x08004200   0x08004200   0x00000048   Code   RO         2975    i.RCC_DeInit        stm32f4xx_rcc.o
    0x08004248   0x08004248   0x000000e8   Code   RO         2976    i.RCC_GetClocksFreq  stm32f4xx_rcc.o
    0x08004330   0x08004330   0x00000050   Code   RO         2982    i.RCC_HSICmd        stm32f4xx_rcc.o
    0x08004380   0x08004380   0x00000002   Code   RO          529    i.SVC_Handler       stm32f4xx_it.o
    0x08004382   0x08004382   0x00000002   PAD
    0x08004384   0x08004384   0x0000003c   Code   RO          748    i.SetPin            bsp_gpio.o
    0x080043c0   0x080043c0   0x00000190   Code   RO         4853    i.SetSysClock       system_stm32f4xx.o
    0x08004550   0x08004550   0x00000024   Code   RO          216    i.Set_Led_Act       bsp_led.o
    0x08004574   0x08004574   0x00000024   Code   RO          217    i.Set_Led_Flt       bsp_led.o
    0x08004598   0x08004598   0x00000068   Code   RO          841    i.SysTick_CLKSourceConfig  misc.o
    0x08004600   0x08004600   0x00000078   Code   RO            4    i.SysTick_Configuration  board.o
    0x08004678   0x08004678   0x00000010   Code   RO            5    i.SysTick_Handler   board.o
    0x08004688   0x08004688   0x00000068   Code   RO         4855    i.SystemInit        system_stm32f4xx.o
    0x080046f0   0x080046f0   0x00000024   Code   RO          218    i.System_Led_Init   bsp_led.o
    0x08004714   0x08004714   0x00000048   Code   RO          219    i.System_Led_Logic  bsp_led.o
    0x0800475c   0x0800475c   0x00000060   Code   RO          220    i.System_Led_SetMode  bsp_led.o
    0x080047bc   0x080047bc   0x0000004c   Code   RO          274    i.System_task_create  bsp_systask.o
    0x08004808   0x08004808   0x0000000c   Code   RO          530    i.TIM1_UP_TIM10_IRQHandler  stm32f4xx_it.o
    0x08004814   0x08004814   0x0000000c   Code   RO          531    i.TIM2_IRQHandler   stm32f4xx_it.o
    0x08004820   0x08004820   0x0000001c   Code   RO          532    i.TIM3_IRQHandler   stm32f4xx_it.o
    0x0800483c   0x0800483c   0x0000001c   Code   RO          533    i.TIM4_IRQHandler   stm32f4xx_it.o
    0x08004858   0x08004858   0x0000000c   Code   RO          534    i.TIM5_IRQHandler   stm32f4xx_it.o
    0x08004864   0x08004864   0x0000001c   Code   RO          535    i.TIM7_IRQHandler   stm32f4xx_it.o
    0x08004880   0x08004880   0x00000048   Code   RO          665    i.TIM8_BRK_TIM12_IRQHandler  usart.o
    0x080048c8   0x080048c8   0x000000f4   Code   RO         4051    i.TIM_ARRPreloadConfig  stm32f4xx_tim.o
    0x080049bc   0x080049bc   0x000000d0   Code   RO         4057    i.TIM_ClearFlag     stm32f4xx_tim.o
    0x08004a8c   0x08004a8c   0x000000d0   Code   RO         4058    i.TIM_ClearITPendingBit  stm32f4xx_tim.o
    0x08004b5c   0x08004b5c   0x000000f4   Code   RO         4063    i.TIM_Cmd           stm32f4xx_tim.o
    0x08004c50   0x08004c50   0x00000088   Code   RO         4065    i.TIM_CtrlPWMOutputs  stm32f4xx_tim.o
    0x08004cd8   0x08004cd8   0x0000021c   Code   RO         4068    i.TIM_DeInit        stm32f4xx_tim.o
    0x08004ef4   0x08004ef4   0x00000104   Code   RO         4088    i.TIM_ITConfig      stm32f4xx_tim.o
    0x08004ff8   0x08004ff8   0x000001d4   Code   RO         4102    i.TIM_OC3Init       stm32f4xx_tim.o
    0x080051cc   0x080051cc   0x0000009c   Code   RO         4105    i.TIM_OC3PreloadConfig  stm32f4xx_tim.o
    0x08005268   0x08005268   0x000000e4   Code   RO         4112    i.TIM_PrescalerConfig  stm32f4xx_tim.o
    0x0800534c   0x0800534c   0x000000d0   Code   RO         4129    i.TIM_SetCounter    stm32f4xx_tim.o
    0x0800541c   0x0800541c   0x0000017c   Code   RO         4135    i.TIM_TimeBaseInit  stm32f4xx_tim.o
    0x08005598   0x08005598   0x00000060   Code   RO          323    i.TimerConfiguration  bsp_systimer.o
    0x080055f8   0x080055f8   0x00000060   Code   RO         7302    i.TimerConfiguration  bsp_cantimer.o
    0x08005658   0x08005658   0x0000003c   Code   RO          666    i.Timer_Configuration  usart.o
    0x08005694   0x08005694   0x0000000c   Code   RO          536    i.UART4_IRQHandler  stm32f4xx_it.o
    0x080056a0   0x080056a0   0x00000044   Code   RO          667    i.USART1_IRQHandler  usart.o
    0x080056e4   0x080056e4   0x00000034   Code   RO          537    i.USART2_IRQHandler  stm32f4xx_it.o
    0x08005718   0x08005718   0x000000c8   Code   RO          668    i.USART2_Init       usart.o
    0x080057e0   0x080057e0   0x0000000c   Code   RO          538    i.USART3_IRQHandler  stm32f4xx_it.o
    0x080057ec   0x080057ec   0x000000f0   Code   RO         4609    i.USART_ClearITPendingBit  stm32f4xx_usart.o
    0x080058dc   0x080058dc   0x000000ac   Code   RO         4612    i.USART_Cmd         stm32f4xx_usart.o
    0x08005988   0x08005988   0x000000c0   Code   RO         4613    i.USART_DMACmd      stm32f4xx_usart.o
    0x08005a48   0x08005a48   0x00000164   Code   RO         4616    i.USART_GetITStatus  stm32f4xx_usart.o
    0x08005bac   0x08005bac   0x00000150   Code   RO         4618    i.USART_ITConfig    stm32f4xx_usart.o
    0x08005cfc   0x08005cfc   0x00000218   Code   RO         4619    i.USART_Init        stm32f4xx_usart.o
    0x08005f14   0x08005f14   0x00000088   Code   RO         4626    i.USART_ReceiveData  stm32f4xx_usart.o
    0x08005f9c   0x08005f9c   0x00000004   Code   RO          539    i.UsageFault_Handler  stm32f4xx_it.o
    0x08005fa0   0x08005fa0   0x0000008c   Code   RO         6164    i._list_device      cmd.o
    0x0800602c   0x0800602c   0x000000d0   Code   RO         6165    i._list_event       cmd.o
    0x080060fc   0x080060fc   0x000000e0   Code   RO         6166    i._list_mailbox     cmd.o
    0x080061dc   0x080061dc   0x000000f0   Code   RO         6167    i._list_mempool     cmd.o
    0x080062cc   0x080062cc   0x000000d0   Code   RO         6168    i._list_msgqueue    cmd.o
    0x0800639c   0x0800639c   0x000000ac   Code   RO         6169    i._list_mutex       cmd.o
    0x08006448   0x08006448   0x000000e8   Code   RO         6170    i._list_sem         cmd.o
    0x08006530   0x08006530   0x00000118   Code   RO         6171    i._list_thread      cmd.o
    0x08006648   0x08006648   0x000000f4   Code   RO         6172    i._list_timer       cmd.o
    0x0800673c   0x0800673c   0x000000f0   Code   RO         5795    i._rt_scheduler_stack_check  scheduler.o
    0x0800682c   0x0800682c   0x000000ec   Code   RO         5868    i._rt_thread_init   thread.o
    0x08006918   0x08006918   0x00000026   Code   RO         5983    i._rt_timer_init    timer.o
    0x0800693e   0x0800693e   0x00000002   PAD
    0x08006940   0x08006940   0x00000070   Code   RO          490    i.assert_failed     startup.o
    0x080069b0   0x080069b0   0x00000014   Code   RO          801    i.bitBand           userapp.o
    0x080069c4   0x080069c4   0x000000fc   Code   RO         6093    i.bus_fault_track   cpuport.o
    0x08006ac0   0x08006ac0   0x0000005c   Code   RO         7463    i.can_io_sts_handle  bsp_canapp.o
    0x08006b1c   0x08006b1c   0x00000068   Code   RO         7464    i.can_lifesign_handle  bsp_canapp.o
    0x08006b84   0x08006b84   0x00000058   Code   RO         7465    i.can_output_handle  bsp_canapp.o
    0x08006bdc   0x08006bdc   0x00000028   Code   RO         7466    i.can_rx_handle_register  bsp_canapp.o
    0x08006c04   0x08006c04   0x00000098   Code   RO         7467    i.can_rx_serve      bsp_canapp.o
    0x08006c9c   0x08006c9c   0x0000002c   Code   RO         7345    i.can_rx_thread_entry  bsp_can_rx_task.o
    0x08006cc8   0x08006cc8   0x00000170   Code   RO         7468    i.can_self_check_Handle  bsp_canapp.o
    0x08006e38   0x08006e38   0x0000001c   Code   RO         7542    i.can_show          bsp_canprint.o
    0x08006e54   0x08006e54   0x00000084   Code   RO         7425    i.can_thread_entry  bsp_cantask.o
    0x08006ed8   0x08006ed8   0x00000058   Code   RO         7390    i.can_tx_thread_entry  bsp_can_tx_task.o
    0x08006f30   0x08006f30   0x0000008c   Code   RO            6    i.clockSour         board.o
    0x08006fbc   0x08006fbc   0x0000004c   Code   RO          669    i.console_services_init  usart.o
    0x08007008   0x08007008   0x00000038   Code   RO          351    i.cpu               cpuusage.o
    0x08007040   0x08007040   0x000000c4   Code   RO          353    i.cpu_usage_idle_hook  cpuusage.o
    0x08007104   0x08007104   0x00000010   Code   RO          354    i.cpu_usage_init    cpuusage.o
    0x08007114   0x08007114   0x00000030   Code   RO         7141    i.finsh_auto_complete  shell.o
    0x08007144   0x08007144   0x0000003e   Code   RO         6409    i.finsh_block_insert  finsh_heap.o
    0x08007182   0x08007182   0x0000007c   Code   RO         6410    i.finsh_block_merge  finsh_heap.o
    0x080071fe   0x080071fe   0x0000002e   Code   RO         6411    i.finsh_block_remove  finsh_heap.o
    0x0800722c   0x0800722c   0x00000018   Code   RO         6412    i.finsh_block_split  finsh_heap.o
    0x08007244   0x08007244   0x00001634   Code   RO         6328    i.finsh_compile     finsh_compiler.o
    0x08008878   0x08008878   0x00000068   Code   RO         6329    i.finsh_compiler_run  finsh_compiler.o
    0x080088e0   0x080088e0   0x0000000c   Code   RO         6375    i.finsh_errno       finsh_error.o
    0x080088ec   0x080088ec   0x0000000c   Code   RO         6376    i.finsh_error_init  finsh_error.o
    0x080088f8   0x080088f8   0x00000010   Code   RO         6377    i.finsh_error_set   finsh_error.o
    0x08008908   0x08008908   0x00000010   Code   RO         6378    i.finsh_error_string  finsh_error.o
    0x08008918   0x08008918   0x00000016   Code   RO         6462    i.finsh_flush       finsh_init.o
    0x0800892e   0x0800892e   0x00000002   PAD
    0x08008930   0x08008930   0x00000138   Code   RO         7144    i.finsh_handle_history  shell.o
    0x08008a68   0x08008a68   0x00000074   Code   RO         6413    i.finsh_heap_allocate  finsh_heap.o
    0x08008adc   0x08008adc   0x0000002c   Code   RO         6414    i.finsh_heap_free   finsh_heap.o
    0x08008b08   0x08008b08   0x00000058   Code   RO         6415    i.finsh_heap_gc     finsh_heap.o
    0x08008b60   0x08008b60   0x00000030   Code   RO         6416    i.finsh_heap_init   finsh_heap.o
    0x08008b90   0x08008b90   0x0000001e   Code   RO         6463    i.finsh_init        finsh_init.o
    0x08008bae   0x08008bae   0x00000002   PAD
    0x08008bb0   0x08008bb0   0x0000003c   Code   RO         6498    i.finsh_node_allocate  finsh_node.o
    0x08008bec   0x08008bec   0x00000014   Code   RO         6499    i.finsh_node_init   finsh_node.o
    0x08008c00   0x08008c00   0x0000001e   Code   RO         6500    i.finsh_node_new_char  finsh_node.o
    0x08008c1e   0x08008c1e   0x00000076   Code   RO         6501    i.finsh_node_new_id  finsh_node.o
    0x08008c94   0x08008c94   0x0000001e   Code   RO         6502    i.finsh_node_new_int  finsh_node.o
    0x08008cb2   0x08008cb2   0x0000001e   Code   RO         6503    i.finsh_node_new_long  finsh_node.o
    0x08008cd0   0x08008cd0   0x0000001e   Code   RO         6504    i.finsh_node_new_ptr  finsh_node.o
    0x08008cee   0x08008cee   0x0000004a   Code   RO         6505    i.finsh_node_new_string  finsh_node.o
    0x08008d38   0x08008d38   0x00000010   Code   RO         6855    i.finsh_parser_init  finsh_parser.o
    0x08008d48   0x08008d48   0x000000d2   Code   RO         6856    i.finsh_parser_run  finsh_parser.o
    0x08008e1a   0x08008e1a   0x000000b2   Code   RO         7145    i.finsh_push_history  shell.o
    0x08008ecc   0x08008ecc   0x000000c4   Code   RO         7146    i.finsh_run_line    shell.o
    0x08008f90   0x08008f90   0x00000070   Code   RO         7147    i.finsh_rx_ind      shell.o
    0x08009000   0x08009000   0x000000d0   Code   RO         7148    i.finsh_set_device  shell.o
    0x080090d0   0x080090d0   0x0000000c   Code   RO         6465    i.finsh_stack_bottom  finsh_init.o
    0x080090dc   0x080090dc   0x0000005c   Code   RO         7103    i.finsh_syscall_lookup  finsh_vm.o
    0x08009138   0x08009138   0x00000014   Code   RO         7150    i.finsh_system_function_init  shell.o
    0x0800914c   0x0800914c   0x000000bc   Code   RO         7151    i.finsh_system_init  shell.o
    0x08009208   0x08009208   0x00000014   Code   RO         7152    i.finsh_system_var_init  shell.o
    0x0800921c   0x0800921c   0x0000005c   Code   RO         7050    i.finsh_sysvar_lookup  finsh_var.o
    0x08009278   0x08009278   0x00000234   Code   RO         7153    i.finsh_thread_entry  shell.o
    0x080094ac   0x080094ac   0x00000014   Code   RO         6967    i.finsh_token_init  finsh_token.o
    0x080094c0   0x080094c0   0x00000018   Code   RO         6968    i.finsh_token_token  finsh_token.o
    0x080094d8   0x080094d8   0x0000015e   Code   RO         6330    i.finsh_type_check  finsh_compiler.o
    0x08009636   0x08009636   0x00000002   PAD
    0x08009638   0x08009638   0x00000014   Code   RO         7052    i.finsh_var_init    finsh_var.o
    0x0800964c   0x0800964c   0x00000078   Code   RO         7053    i.finsh_var_insert  finsh_var.o
    0x080096c4   0x080096c4   0x00000040   Code   RO         7054    i.finsh_var_lookup  finsh_var.o
    0x08009704   0x08009704   0x00000054   Code   RO         7104    i.finsh_vm_run      finsh_vm.o
    0x08009758   0x08009758   0x00000080   Code   RO         6094    i.hard_fault_track  cpuport.o
    0x080097d8   0x080097d8   0x00000020   Code   RO         6173    i.hello             cmd.o
    0x080097f8   0x080097f8   0x0000004c   Code   RO         7604    i.inputFilter       bsp_io.o
    0x08009844   0x08009844   0x000000ac   Code   RO         7605    i.inputProcess      bsp_io.o
    0x080098f0   0x080098f0   0x00000090   Code   RO         7735    i.input_fault_detect  bsp_iofault.o
    0x08009980   0x08009980   0x00000022   Code   RO         7664    i.ioTask_NVIC_Configuration  bsp_iotimer.o
    0x080099a2   0x080099a2   0x0000000c   Code   RO         7665    i.ioTask_RCC_Configuration  bsp_iotimer.o
    0x080099ae   0x080099ae   0x00000002   PAD
    0x080099b0   0x080099b0   0x00000060   Code   RO         7666    i.ioTask_TimerConfiguration  bsp_iotimer.o
    0x08009a10   0x08009a10   0x00000040   Code   RO         7736    i.io_fault_detect   bsp_iofault.o
    0x08009a50   0x08009a50   0x00000038   Code   RO         7703    i.io_thread_entry   bsp_iotask.o
    0x08009a88   0x08009a88   0x00000140   Code   RO         7737    i.isLost_detect     bsp_iofault.o
    0x08009bc8   0x08009bc8   0x000000c8   Code   RO         6174    i.list              cmd.o
    0x08009c90   0x08009c90   0x00000010   Code   RO         6175    i.list_device       cmd.o
    0x08009ca0   0x08009ca0   0x00000010   Code   RO         6176    i.list_event        cmd.o
    0x08009cb0   0x08009cb0   0x00000010   Code   RO         6177    i.list_mailbox      cmd.o
    0x08009cc0   0x08009cc0   0x00000078   Code   RO         5545    i.list_mem          mem.o
    0x08009d38   0x08009d38   0x00000010   Code   RO         6178    i.list_mempool      cmd.o
    0x08009d48   0x08009d48   0x00000010   Code   RO         6179    i.list_msgqueue     cmd.o
    0x08009d58   0x08009d58   0x00000010   Code   RO         6180    i.list_mutex        cmd.o
    0x08009d68   0x08009d68   0x00000150   Code   RO         6181    i.list_prefix       cmd.o
    0x08009eb8   0x08009eb8   0x00000010   Code   RO         6182    i.list_sem          cmd.o
    0x08009ec8   0x08009ec8   0x00000010   Code   RO         6183    i.list_thread       cmd.o
    0x08009ed8   0x08009ed8   0x00000010   Code   RO         6184    i.list_timer        cmd.o
    0x08009ee8   0x08009ee8   0x0000000e   Code   RO          491    i.main              startup.o
    0x08009ef6   0x08009ef6   0x00000028   Code   RO         6857    i.make_sys_node     finsh_parser.o
    0x08009f1e   0x08009f1e   0x00000002   PAD
    0x08009f20   0x08009f20   0x000000e8   Code   RO         6095    i.mem_manage_fault_track  cpuport.o
    0x0800a008   0x0800a008   0x00000060   Code   RO         7606    i.outputProcess     bsp_io.o
    0x0800a068   0x0800a068   0x000001f4   Code   RO         7738    i.output_fault_detect  bsp_iofault.o
    0x0800a25c   0x0800a25c   0x00000164   Code   RO         5546    i.plug_holes        mem.o
    0x0800a3c0   0x0800a3c0   0x00000194   Code   RO         5377    i.print_number      kservice.o
    0x0800a554   0x0800a554   0x00000072   Code   RO         6858    i.proc_additive_expr  finsh_parser.o
    0x0800a5c6   0x0800a5c6   0x0000004c   Code   RO         6859    i.proc_and_expr     finsh_parser.o
    0x0800a612   0x0800a612   0x00000038   Code   RO         6860    i.proc_assign_expr  finsh_parser.o
    0x0800a64a   0x0800a64a   0x0000004e   Code   RO         6861    i.proc_cast_expr    finsh_parser.o
    0x0800a698   0x0800a698   0x0000004c   Code   RO         6862    i.proc_exclusive_or_expr  finsh_parser.o
    0x0800a6e4   0x0800a6e4   0x0000000c   Code   RO         6863    i.proc_expr         finsh_parser.o
    0x0800a6f0   0x0800a6f0   0x00000038   Code   RO         6864    i.proc_expr_statement  finsh_parser.o
    0x0800a728   0x0800a728   0x0000002c   Code   RO         6865    i.proc_identifier   finsh_parser.o
    0x0800a754   0x0800a754   0x0000004c   Code   RO         6866    i.proc_inclusive_or_expr  finsh_parser.o
    0x0800a7a0   0x0800a7a0   0x0000008a   Code   RO         6867    i.proc_multiplicative_expr  finsh_parser.o
    0x0800a82a   0x0800a82a   0x0000004c   Code   RO         6868    i.proc_param_list   finsh_parser.o
    0x0800a876   0x0800a876   0x000000a2   Code   RO         6869    i.proc_postfix_expr  finsh_parser.o
    0x0800a918   0x0800a918   0x0000009e   Code   RO         6870    i.proc_primary_expr  finsh_parser.o
    0x0800a9b6   0x0800a9b6   0x00000074   Code   RO         6871    i.proc_shift_expr   finsh_parser.o
    0x0800aa2a   0x0800aa2a   0x000000fa   Code   RO         6872    i.proc_type         finsh_parser.o
    0x0800ab24   0x0800ab24   0x000000be   Code   RO         6873    i.proc_unary_expr   finsh_parser.o
    0x0800abe2   0x0800abe2   0x000001da   Code   RO         6874    i.proc_variable_decl  finsh_parser.o
    0x0800adbc   0x0800adbc   0x0000004c   Code   RO          671    i.reset_dma_address  usart.o
    0x0800ae08   0x0800ae08   0x00000034   Code   RO         5379    i.rt_console_set_device  kservice.o
    0x0800ae3c   0x0800ae3c   0x00000074   Code   RO         4949    i.rt_device_close   device.o
    0x0800aeb0   0x0800aeb0   0x00000050   Code   RO         4951    i.rt_device_find    device.o
    0x0800af00   0x0800af00   0x00000088   Code   RO         4953    i.rt_device_init_all  device.o
    0x0800af88   0x0800af88   0x000000f4   Code   RO         4954    i.rt_device_open    device.o
    0x0800b07c   0x0800b07c   0x00000080   Code   RO         4955    i.rt_device_read    device.o
    0x0800b0fc   0x0800b0fc   0x00000020   Code   RO         4956    i.rt_device_register  device.o
    0x0800b11c   0x0800b11c   0x00000060   Code   RO         4957    i.rt_device_set_rx_indicate  device.o
    0x0800b17c   0x0800b17c   0x00000080   Code   RO         4960    i.rt_device_write   device.o
    0x0800b1fc   0x0800b1fc   0x00000020   Code   RO         5796    i.rt_enter_critical  scheduler.o
    0x0800b21c   0x0800b21c   0x00000078   Code   RO         5079    i.rt_event_init     ipc.o
    0x0800b294   0x0800b294   0x000001b8   Code   RO         5080    i.rt_event_recv     ipc.o
    0x0800b44c   0x0800b44c   0x00000120   Code   RO         5081    i.rt_event_send     ipc.o
    0x0800b56c   0x0800b56c   0x0000003c   Code   RO         5797    i.rt_exit_critical  scheduler.o
    0x0800b5a8   0x0800b5a8   0x00000210   Code   RO         5548    i.rt_free           mem.o
    0x0800b7b8   0x0800b7b8   0x000002c0   Code   RO            7    i.rt_hw_board_init  board.o
    0x0800ba78   0x0800ba78   0x00000002   Code   RO         5382    i.rt_hw_console_output  kservice.o
    0x0800ba7a   0x0800ba7a   0x00000002   PAD
    0x0800ba7c   0x0800ba7c   0x000000f8   Code   RO         6097    i.rt_hw_hard_fault_exception  cpuport.o
    0x0800bb74   0x0800bb74   0x00000140   Code   RO          424    i.rt_hw_serial_isr  serial.o
    0x0800bcb4   0x0800bcb4   0x000000dc   Code   RO          425    i.rt_hw_serial_register  serial.o
    0x0800bd90   0x0800bd90   0x00000048   Code   RO         6098    i.rt_hw_stack_init  cpuport.o
    0x0800bdd8   0x0800bdd8   0x00000024   Code   RO         5349    i.rt_interrupt_enter  irq.o
    0x0800bdfc   0x0800bdfc   0x0000000c   Code   RO         5350    i.rt_interrupt_get_nest  irq.o
    0x0800be08   0x0800be08   0x00000024   Code   RO         5351    i.rt_interrupt_leave  irq.o
    0x0800be2c   0x0800be2c   0x00000018   Code   RO         5082    i.rt_ipc_list_resume  ipc.o
    0x0800be44   0x0800be44   0x0000006c   Code   RO         5084    i.rt_ipc_list_suspend  ipc.o
    0x0800beb0   0x0800beb0   0x00000010   Code   RO         5085    i.rt_ipc_object_init  ipc.o
    0x0800bec0   0x0800bec0   0x00000044   Code   RO         5383    i.rt_kprintf        kservice.o
    0x0800bf04   0x0800bf04   0x00000006   Code   RO         5086    i.rt_list_init      ipc.o
    0x0800bf0a   0x0800bf0a   0x00000006   Code   RO         5623    i.rt_list_init      mempool.o
    0x0800bf10   0x0800bf10   0x00000006   Code   RO         5798    i.rt_list_init      scheduler.o
    0x0800bf16   0x0800bf16   0x0000000e   Code   RO         5693    i.rt_list_insert_after  object.o
    0x0800bf24   0x0800bf24   0x0000000e   Code   RO         5869    i.rt_list_insert_after  thread.o
    0x0800bf32   0x0800bf32   0x0000000e   Code   RO         5087    i.rt_list_insert_before  ipc.o
    0x0800bf40   0x0800bf40   0x0000000e   Code   RO         5984    i.rt_list_insert_before  timer.o
    0x0800bf4e   0x0800bf4e   0x00000010   Code   RO         5030    i.rt_list_isempty   idle.o
    0x0800bf5e   0x0800bf5e   0x00000010   Code   RO         5088    i.rt_list_isempty   ipc.o
    0x0800bf6e   0x0800bf6e   0x00000010   Code   RO         6185    i.rt_list_isempty   cmd.o
    0x0800bf7e   0x0800bf7e   0x00000014   Code   RO         6186    i.rt_list_len       cmd.o
    0x0800bf92   0x0800bf92   0x00000012   Code   RO         5694    i.rt_list_remove    object.o
    0x0800bfa4   0x0800bfa4   0x00000012   Code   RO         5870    i.rt_list_remove    thread.o
    0x0800bfb6   0x0800bfb6   0x00000012   Code   RO         5985    i.rt_list_remove    timer.o
    0x0800bfc8   0x0800bfc8   0x0000032c   Code   RO         5550    i.rt_malloc         mem.o
    0x0800c2f4   0x0800c2f4   0x0000007c   Code   RO         5386    i.rt_memcpy         kservice.o
    0x0800c370   0x0800c370   0x00000048   Code   RO         5388    i.rt_memset         kservice.o
    0x0800c3b8   0x0800c3b8   0x00000148   Code   RO         5625    i.rt_mp_alloc       mempool.o
    0x0800c500   0x0800c500   0x000000c8   Code   RO         5632    i.rt_mp_init        mempool.o
    0x0800c5c8   0x0800c5c8   0x000000bc   Code   RO         5101    i.rt_mq_init        ipc.o
    0x0800c684   0x0800c684   0x00000248   Code   RO         5102    i.rt_mq_recv        ipc.o
    0x0800c8cc   0x0800c8cc   0x00000158   Code   RO         5103    i.rt_mq_send        ipc.o
    0x0800ca24   0x0800ca24   0x000000ec   Code   RO         5695    i.rt_object_allocate  object.o
    0x0800cb10   0x0800cb10   0x000000e0   Code   RO         5697    i.rt_object_delete  object.o
    0x0800cbf0   0x0800cbf0   0x00000088   Code   RO         5698    i.rt_object_detach  object.o
    0x0800cc78   0x0800cc78   0x00000054   Code   RO         5702    i.rt_object_init    object.o
    0x0800cccc   0x0800cccc   0x00000070   Code   RO         5703    i.rt_object_is_systemobject  object.o
    0x0800cd3c   0x0800cd3c   0x000000f4   Code   RO         5799    i.rt_schedule       scheduler.o
    0x0800ce30   0x0800ce30   0x000000a4   Code   RO         5800    i.rt_schedule_insert_thread  scheduler.o
    0x0800ced4   0x0800ced4   0x000000b0   Code   RO         5801    i.rt_schedule_remove_thread  scheduler.o
    0x0800cf84   0x0800cf84   0x00000074   Code   RO         5116    i.rt_sem_init       ipc.o
    0x0800cff8   0x0800cff8   0x00000054   Code   RO         5117    i.rt_sem_release    ipc.o
    0x0800d04c   0x0800d04c   0x00000168   Code   RO         5118    i.rt_sem_take       ipc.o
    0x0800d1b4   0x0800d1b4   0x00000006   Code   RO          426    i.rt_serial_close   serial.o
    0x0800d1ba   0x0800d1ba   0x00000002   PAD
    0x0800d1bc   0x0800d1bc   0x00000090   Code   RO          427    i.rt_serial_control  serial.o
    0x0800d24c   0x0800d24c   0x00000078   Code   RO          428    i.rt_serial_enable_dma  serial.o
    0x0800d2c4   0x0800d2c4   0x000000dc   Code   RO          429    i.rt_serial_init    serial.o
    0x0800d3a0   0x0800d3a0   0x00000006   Code   RO          430    i.rt_serial_open    serial.o
    0x0800d3a6   0x0800d3a6   0x0000009e   Code   RO          431    i.rt_serial_read    serial.o
    0x0800d444   0x0800d444   0x00000144   Code   RO          432    i.rt_serial_write   serial.o
    0x0800d588   0x0800d588   0x00000028   Code   RO         5389    i.rt_set_errno      kservice.o
    0x0800d5b0   0x0800d5b0   0x000000b0   Code   RO         5390    i.rt_show_version   kservice.o
    0x0800d660   0x0800d660   0x00000012   Code   RO         5396    i.rt_strlen         kservice.o
    0x0800d672   0x0800d672   0x00000028   Code   RO         5397    i.rt_strncmp        kservice.o
    0x0800d69a   0x0800d69a   0x00000034   Code   RO         5398    i.rt_strncpy        kservice.o
    0x0800d6ce   0x0800d6ce   0x00000002   PAD
    0x0800d6d0   0x0800d6d0   0x00000184   Code   RO         5554    i.rt_system_heap_init  mem.o
    0x0800d854   0x0800d854   0x00000002   Code   RO         5707    i.rt_system_object_init  object.o
    0x0800d856   0x0800d856   0x00000002   PAD
    0x0800d858   0x0800d858   0x00000050   Code   RO         5803    i.rt_system_scheduler_init  scheduler.o
    0x0800d8a8   0x0800d8a8   0x00000084   Code   RO         5804    i.rt_system_scheduler_start  scheduler.o
    0x0800d92c   0x0800d92c   0x00000002   Code   RO         4911    i.rt_system_tick_init  clock.o
    0x0800d92e   0x0800d92e   0x00000002   Code   RO         5986    i.rt_system_timer_init  timer.o
    0x0800d930   0x0800d930   0x00000002   Code   RO         5987    i.rt_system_timer_thread_init  timer.o
    0x0800d932   0x0800d932   0x00000050   Code   RO         5872    i.rt_thread_create  thread.o
    0x0800d982   0x0800d982   0x0000000c   Code   RO         5873    i.rt_thread_delay   thread.o
    0x0800d98e   0x0800d98e   0x00000002   PAD
    0x0800d990   0x0800d990   0x0000005c   Code   RO         5876    i.rt_thread_exit    thread.o
    0x0800d9ec   0x0800d9ec   0x00000018   Code   RO         5031    i.rt_thread_idle_entry  idle.o
    0x0800da04   0x0800da04   0x00000100   Code   RO         5032    i.rt_thread_idle_excute  idle.o
    0x0800db04   0x0800db04   0x0000003c   Code   RO         5033    i.rt_thread_idle_init  idle.o
    0x0800db40   0x0800db40   0x0000000c   Code   RO         5034    i.rt_thread_idle_sethook  idle.o
    0x0800db4c   0x0800db4c   0x000000c0   Code   RO         5878    i.rt_thread_init    thread.o
    0x0800dc0c   0x0800dc0c   0x000000a4   Code   RO         5879    i.rt_thread_resume  thread.o
    0x0800dcb0   0x0800dcb0   0x0000000c   Code   RO         5880    i.rt_thread_self    thread.o
    0x0800dcbc   0x0800dcbc   0x0000009c   Code   RO         5881    i.rt_thread_sleep   thread.o
    0x0800dd58   0x0800dd58   0x000000cc   Code   RO         5882    i.rt_thread_startup  thread.o
    0x0800de24   0x0800de24   0x00000090   Code   RO         5883    i.rt_thread_suspend  thread.o
    0x0800deb4   0x0800deb4   0x000000c4   Code   RO         5884    i.rt_thread_timeout  thread.o
    0x0800df78   0x0800df78   0x00000060   Code   RO         5885    i.rt_thread_yield   thread.o
    0x0800dfd8   0x0800dfd8   0x0000000c   Code   RO         4913    i.rt_tick_get       clock.o
    0x0800dfe4   0x0800dfe4   0x00000030   Code   RO         4914    i.rt_tick_increase  clock.o
    0x0800e014   0x0800e014   0x000000a8   Code   RO         5988    i.rt_timer_check    timer.o
    0x0800e0bc   0x0800e0bc   0x00000098   Code   RO         5989    i.rt_timer_control  timer.o
    0x0800e154   0x0800e154   0x00000084   Code   RO         5993    i.rt_timer_init     timer.o
    0x0800e1d8   0x0800e1d8   0x0000012c   Code   RO         5994    i.rt_timer_start    timer.o
    0x0800e304   0x0800e304   0x00000050   Code   RO          492    i.rtthread_startup  startup.o
    0x0800e354   0x0800e354   0x00000018   Code   RO          275    i.sem_10ms_Release  bsp_systask.o
    0x0800e36c   0x0800e36c   0x00000018   Code   RO         7704    i.send_IoTaskSem    bsp_iotask.o
    0x0800e384   0x0800e384   0x000000e4   Code   RO          672    i.serial_services_entry  usart.o
    0x0800e468   0x0800e468   0x00000030   Code   RO         6187    i.show_wait_queue   cmd.o
    0x0800e498   0x0800e498   0x00000026   Code   RO         5401    i.skip_atoi         kservice.o
    0x0800e4be   0x0800e4be   0x00000002   PAD
    0x0800e4c0   0x0800e4c0   0x000000a0   Code   RO          673    i.stm32_hw_usart_init  usart.o
    0x0800e560   0x0800e560   0x00000094   Code   RO          749    i.stmPinsInit       bsp_gpio.o
    0x0800e5f4   0x0800e5f4   0x00000022   Code   RO         6188    i.str_is_prefix     cmd.o
    0x0800e616   0x0800e616   0x0000001c   Code   RO         7154    i.strcmp            shell.o
    0x0800e632   0x0800e632   0x00000002   PAD
    0x0800e634   0x0800e634   0x00000070   Code   RO          276    i.sys_thread_entry  bsp_systask.o
    0x0800e6a4   0x0800e6a4   0x00000078   Code   RO         6969    i.token_get_string  finsh_token.o
    0x0800e71c   0x0800e71c   0x00000034   Code   RO         6970    i.token_match_name  finsh_token.o
    0x0800e750   0x0800e750   0x0000003e   Code   RO         6971    i.token_next_char   finsh_token.o
    0x0800e78e   0x0800e78e   0x00000016   Code   RO         6972    i.token_prev_char   finsh_token.o
    0x0800e7a4   0x0800e7a4   0x000000a2   Code   RO         6973    i.token_proc_char   finsh_token.o
    0x0800e846   0x0800e846   0x000000ae   Code   RO         6974    i.token_proc_escape  finsh_token.o
    0x0800e8f4   0x0800e8f4   0x0000010e   Code   RO         6975    i.token_proc_number  finsh_token.o
    0x0800ea02   0x0800ea02   0x00000050   Code   RO         6976    i.token_proc_string  finsh_token.o
    0x0800ea52   0x0800ea52   0x00000184   Code   RO         6977    i.token_run         finsh_token.o
    0x0800ebd6   0x0800ebd6   0x00000098   Code   RO         6978    i.token_spec_number  finsh_token.o
    0x0800ec6e   0x0800ec6e   0x0000001e   Code   RO         6979    i.token_trim_space  finsh_token.o
    0x0800ec8c   0x0800ec8c   0x000000e8   Code   RO         6099    i.usage_fault_track  cpuport.o
    0x0800ed74   0x0800ed74   0x0000000c   Code   RO          802    i.userApp_init      userapp.o
    0x0800ed80   0x0800ed80   0x0000000a   Code   RO         6189    i.version           cmd.o
    0x0800ed8a   0x0800ed8a   0x00000002   PAD
    0x0800ed8c   0x0800ed8c   0x00000328   Code   RO         5402    i.vsnprintf         kservice.o
    0x0800f0b4   0x0800f0b4   0x0000002c   Code   RO         7814    locale$$code        c_w.l(lc_ctype_c.o)
    0x0800f0e0   0x0800f0e0   0x0000000a   Code   RO         7895    x$fpl$fpinit        fz_wm.l(fpinit.o)
    0x0800f0ea   0x0800f0ea   0x0000001c   Data   RO            8    .constdata          board.o
    0x0800f106   0x0800f106   0x000000a0   Data   RO          222    .constdata          bsp_led.o
    0x0800f1a6   0x0800f1a6   0x00000026   Data   RO          355    .constdata          cpuusage.o
    0x0800f1cc   0x0800f1cc   0x00000085   Data   RO          433    .constdata          serial.o
    0x0800f251   0x0800f251   0x00000003   PAD
    0x0800f254   0x0800f254   0x000002c0   Data   RO          750    .constdata          bsp_gpio.o
    0x0800f514   0x0800f514   0x000000a8   Data   RO         4961    .constdata          device.o
    0x0800f5bc   0x0800f5bc   0x00000016   Data   RO         5036    .constdata          idle.o
    0x0800f5d2   0x0800f5d2   0x000001c6   Data   RO         5120    .constdata          ipc.o
    0x0800f798   0x0800f798   0x00000022   Data   RO         5404    .constdata          kservice.o
    0x0800f7ba   0x0800f7ba   0x0000006d   Data   RO         5556    .constdata          mem.o
    0x0800f827   0x0800f827   0x0000003e   Data   RO         5633    .constdata          mempool.o
    0x0800f865   0x0800f865   0x0000005e   Data   RO         5708    .constdata          object.o
    0x0800f8c3   0x0800f8c3   0x0000014e   Data   RO         5806    .constdata          scheduler.o
    0x0800fa11   0x0800fa11   0x000000aa   Data   RO         5886    .constdata          thread.o
    0x0800fabb   0x0800fabb   0x0000005c   Data   RO         5997    .constdata          timer.o
    0x0800fb17   0x0800fb17   0x00000001   PAD
    0x0800fb18   0x0800fb18   0x000001f0   Data   RO         6190    .constdata          cmd.o
    0x0800fd08   0x0800fd08   0x000000c4   Data   RO         6603    .constdata          finsh_ops.o
    0x0800fdcc   0x0800fdcc   0x00000040   Data   RO         6980    .constdata          finsh_token.o
    0x0800fe0c   0x0800fe0c   0x0000004d   Data   RO         7157    .constdata          shell.o
    0x0800fe59   0x0800fe59   0x00000028   Data   RO         7303    .constdata          bsp_cantimer.o
    0x0800fe81   0x0800fe81   0x0000001e   Data   RO         7543    .constdata          bsp_canprint.o
    0x0800fe9f   0x0800fe9f   0x00000001   PAD
    0x0800fea0   0x0800fea0   0x00000046   Data   RO            9    .conststring        board.o
    0x0800fee6   0x0800fee6   0x00000002   PAD
    0x0800fee8   0x0800fee8   0x000000ed   Data   RO         5557    .conststring        mem.o
    0x0800ffd5   0x0800ffd5   0x00000003   PAD
    0x0800ffd8   0x0800ffd8   0x00000171   Data   RO         6191    .conststring        cmd.o
    0x08010149   0x08010149   0x00000003   PAD
    0x0801014c   0x0801014c   0x000000f3   Data   RO         6379    .conststring        finsh_error.o
    0x0801023f   0x0801023f   0x00000001   PAD
    0x08010240   0x08010240   0x0000003e   Data   RO         6981    .conststring        finsh_token.o
    0x0801027e   0x0801027e   0x00000002   PAD
    0x08010280   0x08010280   0x0000000c   Data   RO           11    FSymTab             board.o
    0x0801028c   0x0801028c   0x0000000c   Data   RO          357    FSymTab             cpuusage.o
    0x08010298   0x08010298   0x0000000c   Data   RO         5559    FSymTab             mem.o
    0x080102a4   0x080102a4   0x00000090   Data   RO         6193    FSymTab             cmd.o
    0x08010334   0x08010334   0x0000000c   Data   RO         7304    FSymTab             bsp_cantimer.o
    0x08010340   0x08010340   0x0000000c   Data   RO         7545    FSymTab             bsp_canprint.o
    0x0801034c   0x0801034c   0x00000020   Data   RO         7972    Region$$Table       anon$$obj.o
    0x0801036c   0x0801036c   0x00000010   Data   RO         6194    VSymTab             cmd.o
    0x0801037c   0x0801037c   0x00000110   Data   RO         7813    locale$$data        c_w.l(lc_ctype_c.o)


    Execution Region RW_IRAM1 (Exec base: 0x20000000, Load base: 0x0801048c, Size: 0x00005230, Max: 0x00020000, ABSOLUTE, COMPRESSED[0x000000ac])

    Exec Addr    Load Addr    Size         Type   Attr      Idx    E Section Name        Object

    0x20000000   COMPRESSED   0x00000008   Data   RW           10    .data               board.o
    0x20000008   COMPRESSED   0x0000000c   Data   RW          223    .data               bsp_led.o
    0x20000014   COMPRESSED   0x00000008   Data   RW          278    .data               bsp_systask.o
    0x2000001c   COMPRESSED   0x00000008   Data   RW          356    .data               cpuusage.o
    0x20000024   COMPRESSED   0x00000001   Data   RW          540    .data               stm32f4xx_it.o
    0x20000025   COMPRESSED   0x00000003   PAD
    0x20000028   COMPRESSED   0x00000018   Data   RW          676    .data               usart.o
    0x20000040   COMPRESSED   0x00000010   Data   RW         2999    .data               stm32f4xx_rcc.o
    0x20000050   COMPRESSED   0x00000004   Data   RW         4916    .data               clock.o
    0x20000054   COMPRESSED   0x00000004   Data   RW         5037    .data               idle.o
    0x20000058   COMPRESSED   0x00000001   Data   RW         5352    .data               irq.o
    0x20000059   COMPRESSED   0x00000003   PAD
    0x2000005c   COMPRESSED   0x00000008   Data   RW         5405    .data               kservice.o
    0x20000064   COMPRESSED   0x00000020   Data   RW         5558    .data               mem.o
    0x20000084   COMPRESSED   0x00000008   Data   RW         5634    .data               mempool.o
    0x2000008c   COMPRESSED   0x000000a4   Data   RW         5709    .data               object.o
    0x20000130   COMPRESSED   0x0000001c   Data   RW         5807    .data               scheduler.o
    0x2000014c   COMPRESSED   0x0000000c   Data   RW         5998    .data               timer.o
    0x20000158   COMPRESSED   0x0000000c   Data   RW         6101    .data               cpuport.o
    0x20000164   COMPRESSED   0x00000004   Data   RW         6192    .data               cmd.o
    0x20000168   COMPRESSED   0x00000008   Data   RW         6331    .data               finsh_compiler.o
    0x20000170   COMPRESSED   0x00000040   Data   RW         6380    .data               finsh_error.o
    0x200001b0   COMPRESSED   0x00000008   Data   RW         6418    .data               finsh_heap.o
    0x200001b8   COMPRESSED   0x00000004   Data   RW         7056    .data               finsh_var.o
    0x200001bc   COMPRESSED   0x0000000c   Data   RW         7106    .data               finsh_vm.o
    0x200001c8   COMPRESSED   0x00000004   Data   RW         7158    .data               shell.o
    0x200001cc   COMPRESSED   0x00000010   Data   RW         7245    .data               symbol.o
    0x200001dc   COMPRESSED   0x00000004   Data   RW         7347    .data               bsp_can_rx_task.o
    0x200001e0   COMPRESSED   0x00000008   Data   RW         7392    .data               bsp_can_tx_task.o
    0x200001e8   COMPRESSED   0x00000004   Data   RW         7427    .data               bsp_cantask.o
    0x200001ec   COMPRESSED   0x00000009   Data   RW         7470    .data               bsp_canapp.o
    0x200001f5   COMPRESSED   0x00000001   Data   RW         7544    .data               bsp_canprint.o
    0x200001f6   COMPRESSED   0x00000002   PAD
    0x200001f8   COMPRESSED   0x00000004   Data   RW         7706    .data               bsp_iotask.o
    0x200001fc   COMPRESSED   0x00000004   PAD
    0x20000200        -       0x000004b8   Zero   RW          277    .bss                bsp_systask.o
    0x200006b8        -       0x00000490   Zero   RW          674    .bss                usart.o
    0x20000b48        -       0x000000ac   Zero   RW          803    .bss                userapp.o
    0x20000bf4   COMPRESSED   0x0000000c   PAD
    0x20000c00        -       0x00000490   Zero   RW         5035    .bss                idle.o
    0x20001090        -       0x00000080   Zero   RW         5403    .bss                kservice.o
    0x20001110        -       0x00000028   Zero   RW         5555    .bss                mem.o
    0x20001138        -       0x00000100   Zero   RW         5805    .bss                scheduler.o
    0x20001238   COMPRESSED   0x00000008   PAD
    0x20001240        -       0x00000080   Zero   RW         6417    .bss                finsh_heap.o
    0x200012c0        -       0x00000140   Zero   RW         6506    .bss                finsh_node.o
    0x20001400        -       0x000000c0   Zero   RW         7055    .bss                finsh_var.o
    0x200014c0        -       0x00000180   Zero   RW         7105    .bss                finsh_vm.o
    0x20001640        -       0x00000890   Zero   RW         7156    .bss                shell.o
    0x20001ed0        -       0x00000ecc   Zero   RW         7346    .bss                bsp_can_rx_task.o
    0x20002d9c        -       0x00000ecc   Zero   RW         7391    .bss                bsp_can_tx_task.o
    0x20003c68        -       0x000004b8   Zero   RW         7426    .bss                bsp_cantask.o
    0x20004120        -       0x00000100   Zero   RW         7469    .bss                bsp_canapp.o
    0x20004220        -       0x00000140   Zero   RW         7576    .bss                can_fault_detect.o
    0x20004360        -       0x00000144   Zero   RW         7607    .bss                bsp_io.o
    0x200044a4   COMPRESSED   0x0000000c   PAD
    0x200044b0        -       0x000004b8   Zero   RW         7705    .bss                bsp_iotask.o
    0x20004968        -       0x00000068   Zero   RW         7739    .bss                bsp_iofault.o
    0x200049d0        -       0x00000060   Zero   RW         7817    .bss                c_w.l(libspace.o)
    0x20004a30        -       0x00000400   Zero   RW         4905    HEAP                startup_stm32f4xx.o
    0x20004e30        -       0x00000400   Zero   RW         4904    STACK               startup_stm32f4xx.o


==============================================================================

Image component sizes


      Code (inc. data)   RO Data    RW Data    ZI Data      Debug   Object Name

      1054        626        110          8          0     315746   board.o
       502         28          0          0          0       2585   bsp_can.o
       304         76          0          4       3788       3765   bsp_can_rx_task.o
       320         80          0          8       3788       2951   bsp_can_tx_task.o
      1288         76          0          9        256       8229   bsp_canapp.o
       364        126         42          1          0       2517   bsp_canprint.o
       288        114          0          4       1208       2733   bsp_cantask.o
       170          8         52          0          0       3171   bsp_cantimer.o
       240         12        704          0          0       2332   bsp_gpio.o
       372         12          0          0        324       3211   bsp_io.o
      1028         28          0          0        104       2938   bsp_iofault.o
       196          8          0          0          0        681   bsp_iopwm.o
       216         90          0          4       1208       2143   bsp_iotask.o
       158          6          0          0          0       1923   bsp_iotimer.o
       380         88        160         12          0       3791   bsp_led.o
       312        154          0          8       1208       2736   bsp_systask.o
       158          6          0          0          0       1956   bsp_systimer.o
       164         20          0          0        320       2166   can_fault_detect.o
        62         12          0          4          0       1567   clock.o
      2788       1286       1025          4          0      22186   cmd.o
       204         20          0          0          0        748   context_rvds.o
      1164        562          0         12          0       5474   cpuport.o
       268         58         50          8          0       2936   cpuusage.o
       960        386        168          0          0       8943   device.o
      6138        158          0          8          0      11206   finsh_compiler.o
        56         22        243         64          0       2543   finsh_error.o
       552         42          0          8        128       5675   finsh_heap.o
        64          6          0          0          0       1980   finsh_init.o
       392          8          0          0        320       5706   finsh_node.o
      3038        294        196          0          0      24642   finsh_ops.o
      2418         32          0          0          0      16055   finsh_parser.o
      1556         16        126          0          0       9642   finsh_token.o
       296         32          0          4        192       7530   finsh_var.o
       176         36          0         12        384       6727   finsh_vm.o
       144         56          0          0          0       1008   hwwdog_max706.o
       368        112         22          4       1168       4039   idle.o
      2708        650        454          0          0      29989   ipc.o
        84         18          0          1          0       1918   irq.o
      1894        172         34          8        128      11051   kservice.o
      2204        790        358         32         40       7092   mem.o
       534        134         62          8          0       5752   mempool.o
       536        198          0          0          0      17543   misc.o
       826        318         94        164          0       7297   object.o
      1134        352        334         28        256       7287   scheduler.o
      1518        396        133          0          0       8649   serial.o
      1874        370         77          4       2192       9962   shell.o
       206        100          0          0          0       2047   startup.o
        64         26        392          0       2048        860   startup_stm32f4xx.o
      3046        496          0          0          0      16868   stm32f4xx_can.o
       128         62          0          0          0        682   stm32f4xx_dbgmcu.o
      1492        190          0          0          0      16358   stm32f4xx_dma.o
       108         58          0          0          0        618   stm32f4xx_flash.o
      1748        516          0          0          0      11520   stm32f4xx_gpio.o
       254         20          0          1          0      10180   stm32f4xx_it.o
       296        174          0          0          0       2830   stm32f4xx_iwdg.o
      1024        372          0         16          0      20039   stm32f4xx_rcc.o
      3280       1098          0          0          0      29365   stm32f4xx_tim.o
      1968        540          0          0          0      12411   stm32f4xx_usart.o
         0          0          0         16          0       4109   symbol.o
       504         36          0          0          0       1697   system_stm32f4xx.o
      1616        540        170          0          0      12092   thread.o
       826        224         92         12          0       8631   timer.o
      1240        174          0         24       1168       8185   usart.o
       516          8          0          0        172       4004   userapp.o

    ----------------------------------------------------------------------
     59824      12728       5146        508      20436     773217   Object Totals
         0          0         32          0          0          0   (incl. Generated)
        38          0         16          8         36          0   (incl. Padding)

    ----------------------------------------------------------------------

      Code (inc. data)   RO Data    RW Data    ZI Data      Debug   Library Member Name

        90          0          0          0          0          0   __dczerorl2.o
         8          0          0          0          0         68   __main.o
         0          0          0          0          0          0   __rtentry.o
        12          0          0          0          0          0   __rtentry2.o
         6          0          0          0          0          0   __rtentry4.o
        52          8          0          0          0          0   __scatter.o
        28          0          0          0          0          0   __scatter_zi.o
        28          0          0          0          0         68   _chval.o
       158          0          0          0          0         92   _strtoul.o
        26          0          0          0          0         80   atoi.o
        18          0          0          0          0         80   exit.o
         6          0          0          0          0        152   heapauxi.o
         0          0          0          0          0          0   indicate_semi.o
        44         10        272          0          0         76   lc_ctype_c.o
         2          0          0          0          0          0   libinit.o
        24          0          0          0          0          0   libinit2.o
         2          0          0          0          0          0   libshutdown.o
         2          0          0          0          0          0   libshutdown2.o
         8          4          0          0         96         68   libspace.o
        16          4          0          0          0         76   rt_ctype_table.o
         8          4          0          0          0         68   rt_errno_addr_intlibspace.o
         8          4          0          0          0         68   rt_locale_intlibspace.o
        68          0          0          0          0         68   rt_memclr.o
        78          0          0          0          0         80   rt_memclr_w.o
       138          0          0          0          0         68   rt_memcpy_v6.o
       100          0          0          0          0         80   rt_memcpy_w.o
         2          0          0          0          0          0   rtexit.o
        10          0          0          0          0          0   rtexit2.o
        62          0          0          0          0         76   strlen.o
       150          0          0          0          0         80   strncmp.o
        86          0          0          0          0         76   strncpy.o
       112          0          0          0          0         88   strtol.o
        12          4          0          0          0         68   sys_exit.o
        74          0          0          0          0         80   sys_stackheap_outer.o
         2          0          0          0          0         68   use_no_semi.o
        10          0          0          0          0        116   fpinit.o

    ----------------------------------------------------------------------
      1458         38        272          0         96       1844   Library Totals
         8          0          0          0          0          0   (incl. Padding)

    ----------------------------------------------------------------------

      Code (inc. data)   RO Data    RW Data    ZI Data      Debug   Library Name

      1440         38        272          0         96       1728   c_w.l
        10          0          0          0          0        116   fz_wm.l

    ----------------------------------------------------------------------
      1458         38        272          0         96       1844   Library Totals

    ----------------------------------------------------------------------

==============================================================================


      Code (inc. data)   RO Data    RW Data    ZI Data      Debug   

     61282      12766       5418        508      20532     730425   Grand Totals
     61282      12766       5418        172      20532     730425   ELF Image Totals (compressed)
     61282      12766       5418        172          0          0   ROM Totals

==============================================================================

    Total RO  Size (Code + RO Data)                66700 (  65.14kB)
    Total RW  Size (RW Data + ZI Data)             21040 (  20.55kB)
    Total ROM Size (Code + RO Data + RW Data)      66872 (  65.30kB)

==============================================================================

